Archive member included to satisfy reference by file (symbol)

c:/program files (x86)/atollic/truestudio for stm32 9.3.0/armtools/bin/../lib/gcc/arm-atollic-eabi/6.3.1/../../../../arm-atollic-eabi/lib/armv7e-m/fpu\libc_nano.a(lib_a-errno.o)
                              Src\syscalls.o (__errno)
c:/program files (x86)/atollic/truestudio for stm32 9.3.0/armtools/bin/../lib/gcc/arm-atollic-eabi/6.3.1/../../../../arm-atollic-eabi/lib/armv7e-m/fpu\libc_nano.a(lib_a-impure.o)
                              c:/program files (x86)/atollic/truestudio for stm32 9.3.0/armtools/bin/../lib/gcc/arm-atollic-eabi/6.3.1/../../../../arm-atollic-eabi/lib/armv7e-m/fpu\libc_nano.a(lib_a-errno.o) (_impure_ptr)
c:/program files (x86)/atollic/truestudio for stm32 9.3.0/armtools/bin/../lib/gcc/arm-atollic-eabi/6.3.1/../../../../arm-atollic-eabi/lib/armv7e-m/fpu\libc_nano.a(lib_a-init.o)
                              startup\startup_stm32l475xx.o (__libc_init_array)
c:/program files (x86)/atollic/truestudio for stm32 9.3.0/armtools/bin/../lib/gcc/arm-atollic-eabi/6.3.1/../../../../arm-atollic-eabi/lib/armv7e-m/fpu\libc_nano.a(lib_a-memcpy-stub.o)
                              Middlewares\ST\BlueNRG-MS\hci\controller\bluenrg_gap_aci.o (memcpy)
c:/program files (x86)/atollic/truestudio for stm32 9.3.0/armtools/bin/../lib/gcc/arm-atollic-eabi/6.3.1/../../../../arm-atollic-eabi/lib/armv7e-m/fpu\libc_nano.a(lib_a-memset.o)
                              Middlewares\ST\BlueNRG-MS\hci\controller\bluenrg_gap_aci.o (memset)
c:/program files (x86)/atollic/truestudio for stm32 9.3.0/armtools/bin/../lib/gcc/arm-atollic-eabi/6.3.1/../../../../arm-atollic-eabi/lib/armv7e-m/fpu\libc_nano.a(lib_a-rand.o)
                              Src\app_x-cube-ble1.o (srand)
c:/program files (x86)/atollic/truestudio for stm32 9.3.0/armtools/bin/../lib/gcc/arm-atollic-eabi/6.3.1/../../../../arm-atollic-eabi/lib/armv7e-m/fpu\libc_nano.a(lib_a-malloc.o)
                              c:/program files (x86)/atollic/truestudio for stm32 9.3.0/armtools/bin/../lib/gcc/arm-atollic-eabi/6.3.1/../../../../arm-atollic-eabi/lib/armv7e-m/fpu\libc_nano.a(lib_a-rand.o) (malloc)
c:/program files (x86)/atollic/truestudio for stm32 9.3.0/armtools/bin/../lib/gcc/arm-atollic-eabi/6.3.1/../../../../arm-atollic-eabi/lib/armv7e-m/fpu\libc_nano.a(lib_a-nano-freer.o)
                              c:/program files (x86)/atollic/truestudio for stm32 9.3.0/armtools/bin/../lib/gcc/arm-atollic-eabi/6.3.1/../../../../arm-atollic-eabi/lib/armv7e-m/fpu\libc_nano.a(lib_a-malloc.o) (_free_r)
c:/program files (x86)/atollic/truestudio for stm32 9.3.0/armtools/bin/../lib/gcc/arm-atollic-eabi/6.3.1/../../../../arm-atollic-eabi/lib/armv7e-m/fpu\libc_nano.a(lib_a-nano-mallocr.o)
                              c:/program files (x86)/atollic/truestudio for stm32 9.3.0/armtools/bin/../lib/gcc/arm-atollic-eabi/6.3.1/../../../../arm-atollic-eabi/lib/armv7e-m/fpu\libc_nano.a(lib_a-malloc.o) (_malloc_r)
c:/program files (x86)/atollic/truestudio for stm32 9.3.0/armtools/bin/../lib/gcc/arm-atollic-eabi/6.3.1/../../../../arm-atollic-eabi/lib/armv7e-m/fpu\libc_nano.a(lib_a-sbrkr.o)
                              c:/program files (x86)/atollic/truestudio for stm32 9.3.0/armtools/bin/../lib/gcc/arm-atollic-eabi/6.3.1/../../../../arm-atollic-eabi/lib/armv7e-m/fpu\libc_nano.a(lib_a-nano-mallocr.o) (_sbrk_r)
c:/program files (x86)/atollic/truestudio for stm32 9.3.0/armtools/bin/../lib/gcc/arm-atollic-eabi/6.3.1/../../../../arm-atollic-eabi/lib/armv7e-m/fpu\libc_nano.a(lib_a-mlock.o)
                              c:/program files (x86)/atollic/truestudio for stm32 9.3.0/armtools/bin/../lib/gcc/arm-atollic-eabi/6.3.1/../../../../arm-atollic-eabi/lib/armv7e-m/fpu\libc_nano.a(lib_a-nano-freer.o) (__malloc_lock)
c:/program files (x86)/atollic/truestudio for stm32 9.3.0/armtools/bin/../lib/gcc/arm-atollic-eabi/6.3.1/../../../../arm-atollic-eabi/lib/armv7e-m/fpu\libc_nano.a(lib_a-reent.o)
                              c:/program files (x86)/atollic/truestudio for stm32 9.3.0/armtools/bin/../lib/gcc/arm-atollic-eabi/6.3.1/../../../../arm-atollic-eabi/lib/armv7e-m/fpu\libc_nano.a(lib_a-sbrkr.o) (errno)
c:/program files (x86)/atollic/truestudio for stm32 9.3.0/armtools/bin/../lib/gcc/arm-atollic-eabi/6.3.1/armv7e-m/fpu\libgcc.a(_arm_addsubdf3.o)
                              Src\app_x-cube-ble1.o (__aeabi_dadd)
c:/program files (x86)/atollic/truestudio for stm32 9.3.0/armtools/bin/../lib/gcc/arm-atollic-eabi/6.3.1/armv7e-m/fpu\libgcc.a(_arm_truncdfsf2.o)
                              Src\app_x-cube-ble1.o (__aeabi_d2f)
c:/program files (x86)/atollic/truestudio for stm32 9.3.0/armtools/bin/../lib/gcc/arm-atollic-eabi/6.3.1/armv7e-m/fpu\libgcc.a(_aeabi_uldivmod.o)
                              Drivers\STM32L4xx_HAL_Driver\Src\stm32l4xx_hal_uart.o (__aeabi_uldivmod)
[...]
Memory Configuration

Name             Origin             Length             Attributes
RAM              0x20000000         0x00018000         xrw
RAM2             0x10000000         0x00008000         xrw
FLASH            0x08000000         0x00100000         xr
*default*        0x00000000         0xffffffff

Linker script and memory map

LOAD c:/program files (x86)/atollic/truestudio for stm32 9.3.0/armtools/bin/../lib/gcc/arm-atollic-eabi/6.3.1/armv7e-m/fpu/crti.o
LOAD c:/program files (x86)/atollic/truestudio for stm32 9.3.0/armtools/bin/../lib/gcc/arm-atollic-eabi/6.3.1/armv7e-m/fpu/crtbegin.o
LOAD Drivers\BSP\CUSTOM\b_l475e_iot01a.o
LOAD Drivers\STM32L4xx_HAL_Driver\Src\stm32l4xx_hal.o
LOAD Drivers\STM32L4xx_HAL_Driver\Src\stm32l4xx_hal_cortex.o
LOAD Drivers\STM32L4xx_HAL_Driver\Src\stm32l4xx_hal_dfsdm.o
LOAD Drivers\STM32L4xx_HAL_Driver\Src\stm32l4xx_hal_dma.o
LOAD Drivers\STM32L4xx_HAL_Driver\Src\stm32l4xx_hal_dma_ex.o
LOAD Drivers\STM32L4xx_HAL_Driver\Src\stm32l4xx_hal_exti.o
LOAD Drivers\STM32L4xx_HAL_Driver\Src\stm32l4xx_hal_flash.o
LOAD Drivers\STM32L4xx_HAL_Driver\Src\stm32l4xx_hal_flash_ex.o
LOAD Drivers\STM32L4xx_HAL_Driver\Src\stm32l4xx_hal_flash_ramfunc.o
LOAD Drivers\STM32L4xx_HAL_Driver\Src\stm32l4xx_hal_gpio.o
LOAD Drivers\STM32L4xx_HAL_Driver\Src\stm32l4xx_hal_i2c.o
LOAD Drivers\STM32L4xx_HAL_Driver\Src\stm32l4xx_hal_i2c_ex.o
LOAD Drivers\STM32L4xx_HAL_Driver\Src\stm32l4xx_hal_pcd.o
LOAD Drivers\STM32L4xx_HAL_Driver\Src\stm32l4xx_hal_pcd_ex.o
LOAD Drivers\STM32L4xx_HAL_Driver\Src\stm32l4xx_hal_pwr.o
LOAD Drivers\STM32L4xx_HAL_Driver\Src\stm32l4xx_hal_pwr_ex.o
LOAD Drivers\STM32L4xx_HAL_Driver\Src\stm32l4xx_hal_qspi.o
LOAD Drivers\STM32L4xx_HAL_Driver\Src\stm32l4xx_hal_rcc.o
LOAD Drivers\STM32L4xx_HAL_Driver\Src\stm32l4xx_hal_rcc_ex.o
LOAD Drivers\STM32L4xx_HAL_Driver\Src\stm32l4xx_hal_spi.o
LOAD Drivers\STM32L4xx_HAL_Driver\Src\stm32l4xx_hal_spi_ex.o
LOAD Drivers\STM32L4xx_HAL_Driver\Src\stm32l4xx_hal_tim.o
LOAD Drivers\STM32L4xx_HAL_Driver\Src\stm32l4xx_hal_tim_ex.o
LOAD Drivers\STM32L4xx_HAL_Driver\Src\stm32l4xx_hal_uart.o
LOAD Drivers\STM32L4xx_HAL_Driver\Src\stm32l4xx_hal_uart_ex.o
LOAD Drivers\STM32L4xx_HAL_Driver\Src\stm32l4xx_ll_usb.o
LOAD Middlewares\ST\BlueNRG-MS\hci\controller\bluenrg_gap_aci.o
LOAD Middlewares\ST\BlueNRG-MS\hci\controller\bluenrg_gatt_aci.o
LOAD Middlewares\ST\BlueNRG-MS\hci\controller\bluenrg_hal_aci.o
LOAD Middlewares\ST\BlueNRG-MS\hci\controller\bluenrg_l2cap_aci.o
LOAD Middlewares\ST\BlueNRG-MS\hci\controller\bluenrg_updater_aci.o
LOAD Middlewares\ST\BlueNRG-MS\hci\controller\bluenrg_utils_small.o
LOAD Middlewares\ST\BlueNRG-MS\hci\hci_le.o
LOAD Middlewares\ST\BlueNRG-MS\hci\hci_tl_patterns\Basic\hci_tl.o
LOAD Middlewares\ST\BlueNRG-MS\utils\ble_list.o
LOAD Src\app_x-cube-ble1.o
LOAD Src\b_l475e_iot01a_bus.o
LOAD Src\gatt_db.o
LOAD Src\hci_tl_interface.o
LOAD Src\main.o
LOAD Src\sensor.o
LOAD Src\stm32l4xx_hal_msp.o
LOAD Src\stm32l4xx_it.o
LOAD Src\syscalls.o
LOAD Src\system_stm32l4xx.o
LOAD startup\startup_stm32l475xx.o
                0x00000080                malloc_getpagesize_P = 0x80
START GROUP
LOAD c:/program files (x86)/atollic/truestudio for stm32 9.3.0/armtools/bin/../lib/gcc/arm-atollic-eabi/6.3.1/../../../../arm-atollic-eabi/lib/armv7e-m/fpu\libc_nano.a
LOAD c:/program files (x86)/atollic/truestudio for stm32 9.3.0/armtools/bin/../lib/gcc/arm-atollic-eabi/6.3.1/../../../../arm-atollic-eabi/lib/armv7e-m/fpu\libm.a
END GROUP
START GROUP
LOAD c:/program files (x86)/atollic/truestudio for stm32 9.3.0/armtools/bin/../lib/gcc/arm-atollic-eabi/6.3.1/armv7e-m/fpu\libgcc.a
LOAD c:/program files (x86)/atollic/truestudio for stm32 9.3.0/armtools/bin/../lib/gcc/arm-atollic-eabi/6.3.1/../../../../arm-atollic-eabi/lib/armv7e-m/fpu\libc_nano.a
END GROUP
START GROUP
LOAD c:/program files (x86)/atollic/truestudio for stm32 9.3.0/armtools/bin/../lib/gcc/arm-atollic-eabi/6.3.1/armv7e-m/fpu\libgcc.a
LOAD c:/program files (x86)/atollic/truestudio for stm32 9.3.0/armtools/bin/../lib/gcc/arm-atollic-eabi/6.3.1/../../../../arm-atollic-eabi/lib/armv7e-m/fpu\libc_nano.a
LOAD c:/program files (x86)/atollic/truestudio for stm32 9.3.0/armtools/bin/../lib/gcc/arm-atollic-eabi/6.3.1/../../../../arm-atollic-eabi/lib/armv7e-m/fpu\libnosys.a
END GROUP
START GROUP
LOAD c:/program files (x86)/atollic/truestudio for stm32 9.3.0/armtools/bin/../lib/gcc/arm-atollic-eabi/6.3.1/armv7e-m/fpu\libgcc.a
LOAD c:/program files (x86)/atollic/truestudio for stm32 9.3.0/armtools/bin/../lib/gcc/arm-atollic-eabi/6.3.1/../../../../arm-atollic-eabi/lib/armv7e-m/fpu\libc_nano.a
LOAD c:/program files (x86)/atollic/truestudio for stm32 9.3.0/armtools/bin/../lib/gcc/arm-atollic-eabi/6.3.1/../../../../arm-atollic-eabi/lib/armv7e-m/fpu\libnosys.a
END GROUP
LOAD c:/program files (x86)/atollic/truestudio for stm32 9.3.0/armtools/bin/../lib/gcc/arm-atollic-eabi/6.3.1/armv7e-m/fpu/crtend.o
LOAD c:/program files (x86)/atollic/truestudio for stm32 9.3.0/armtools/bin/../lib/gcc/arm-atollic-eabi/6.3.1/armv7e-m/fpu/crtn.o
                0x20018000                _estack = 0x20018000
                0x00000200                _Min_Heap_Size = 0x200
                0x00000400                _Min_Stack_Size = 0x400

.isr_vector     0x08000000      0x188
                0x08000000                . = ALIGN (0x4)
 *(.isr_vector)
 .isr_vector    0x08000000      0x188 startup\startup_stm32l475xx.o
                0x08000000                g_pfnVectors
                0x08000188                . = ALIGN (0x4)

.text           0x08000188     0x5478
                0x08000188                . = ALIGN (0x4)
 *(.text)
 .text          0x08000188       0x40 c:/program files (x86)/atollic/truestudio for stm32 9.3.0/armtools/bin/../lib/gcc/arm-atollic-eabi/6.3.1/armv7e-m/fpu/crtbegin.o
 .text          0x080001c8      0x370 c:/program files (x86)/atollic/truestudio for stm32 9.3.0/armtools/bin/../lib/gcc/arm-atollic-eabi/6.3.1/armv7e-m/fpu\libgcc.a(_arm_addsubdf3.o)
                0x080001c8                __aeabi_drsub
                0x080001d0                __aeabi_dsub
                0x080001d0                __subdf3
                0x080001d4                __aeabi_dadd
                0x080001d4                __adddf3
                0x0800044c                __floatunsidf
                0x0800044c                __aeabi_ui2d
                0x0800046c                __floatsidf
                0x0800046c                __aeabi_i2d
                0x08000490                __aeabi_f2d
                0x08000490                __extendsfdf2
                0x080004cc                __floatundidf
                0x080004cc                __aeabi_ul2d
                0x080004dc                __floatdidf
                0x080004dc                __aeabi_l2d
 .text          0x08000538       0xa0 c:/program files (x86)/atollic/truestudio for stm32 9.3.0/armtools/bin/../lib/gcc/arm-atollic-eabi/6.3.1/armv7e-m/fpu\libgcc.a(_arm_truncdfsf2.o)
                0x08000538                __truncdfsf2
                0x08000538                __aeabi_d2f
 .text          0x080005d8       0x30 c:/program files (x86)/atollic/truestudio for stm32 9.3.0/armtools/bin/../lib/gcc/arm-atollic-eabi/6.3.1/armv7e-m/fpu\libgcc.a(_aeabi_uldivmod.o)
                0x080005d8                __aeabi_uldivmod
 .text          0x08000608      0x2dc c:/program files (x86)/atollic/truestudio for stm32 9.3.0/armtools/bin/../lib/gcc/arm-atollic-eabi/6.3.1/armv7e-m/fpu\libgcc.a(_udivmoddi4.o)
                0x08000608                __udivmoddi4
 .text          0x080008e4        0x4 c:/program files (x86)/atollic/truestudio for stm32 9.3.0/armtools/bin/../lib/gcc/arm-atollic-eabi/6.3.1/armv7e-m/fpu\libgcc.a(_dvmd_tls.o)
                0x080008e4                __aeabi_idiv0
                0x080008e4                __aeabi_ldiv0
 *(.text*)
 .text.BSP_LED_Init
                0x080008e8       0x4c Drivers\BSP\CUSTOM\b_l475e_iot01a.o
                0x080008e8                BSP_LED_Init
 .text.BSP_LED_Toggle
                0x08000934       0x14 Drivers\BSP\CUSTOM\b_l475e_iot01a.o
                0x08000934                BSP_LED_Toggle
 .text.BSP_PB_Init
                0x08000948       0x98 Drivers\BSP\CUSTOM\b_l475e_iot01a.o
                0x08000948                BSP_PB_Init
 .text.BSP_PB_GetState
                0x080009e0       0x18 Drivers\BSP\CUSTOM\b_l475e_iot01a.o
                0x080009e0                BSP_PB_GetState
 .text.BUTTON_USER_EXTI_Callback
                0x080009f8        0xa Drivers\BSP\CUSTOM\b_l475e_iot01a.o
 *fill*         0x08000a02        0x2 
 .text.MX_USART1_UART_Init
                0x08000a04       0x30 Drivers\BSP\CUSTOM\b_l475e_iot01a.o
                0x08000a04                MX_USART1_UART_Init
 .text.BSP_COM_Init
                0x08000a34       0x94 Drivers\BSP\CUSTOM\b_l475e_iot01a.o
                0x08000a34                BSP_COM_Init
 .text.HAL_InitTick
                0x08000ac8       0x4c Drivers\STM32L4xx_HAL_Driver\Src\stm32l4xx_hal.o
                0x08000ac8                HAL_InitTick
 .text.HAL_Init
                0x08000b14       0x1e Drivers\STM32L4xx_HAL_Driver\Src\stm32l4xx_hal.o
                0x08000b14                HAL_Init
 *fill*         0x08000b32        0x2 
 .text.HAL_IncTick
                0x08000b34       0x18 Drivers\STM32L4xx_HAL_Driver\Src\stm32l4xx_hal.o
                0x08000b34                HAL_IncTick
 .text.HAL_GetTick
                0x08000b4c        0xc Drivers\STM32L4xx_HAL_Driver\Src\stm32l4xx_hal.o
                0x08000b4c                HAL_GetTick
 .text.HAL_Delay
                0x08000b58       0x28 Drivers\STM32L4xx_HAL_Driver\Src\stm32l4xx_hal.o
                0x08000b58                HAL_Delay
 .text.HAL_NVIC_SetPriorityGrouping
                0x08000b80       0x24 Drivers\STM32L4xx_HAL_Driver\Src\stm32l4xx_hal_cortex.o
                0x08000b80                HAL_NVIC_SetPriorityGrouping
 .text.HAL_NVIC_SetPriority
                0x08000ba4       0x68 Drivers\STM32L4xx_HAL_Driver\Src\stm32l4xx_hal_cortex.o
                0x08000ba4                HAL_NVIC_SetPriority
 .text.HAL_NVIC_EnableIRQ
                0x08000c0c       0x1c Drivers\STM32L4xx_HAL_Driver\Src\stm32l4xx_hal_cortex.o
                0x08000c0c                HAL_NVIC_EnableIRQ
 .text.HAL_SYSTICK_Config
                0x08000c28       0x2c Drivers\STM32L4xx_HAL_Driver\Src\stm32l4xx_hal_cortex.o
                0x08000c28                HAL_SYSTICK_Config
 .text.DFSDM_GetChannelFromInstance
                0x08000c54       0x58 Drivers\STM32L4xx_HAL_Driver\Src\stm32l4xx_hal_dfsdm.o
 .text.HAL_DFSDM_ChannelInit
                0x08000cac       0xe8 Drivers\STM32L4xx_HAL_Driver\Src\stm32l4xx_hal_dfsdm.o
                0x08000cac                HAL_DFSDM_ChannelInit
 .text.HAL_DMA_Abort_IT
                0x08000d94       0x4c Drivers\STM32L4xx_HAL_Driver\Src\stm32l4xx_hal_dma.o
                0x08000d94                HAL_DMA_Abort_IT
 .text.HAL_EXTI_RegisterCallback
                0x08000de0        0xc Drivers\STM32L4xx_HAL_Driver\Src\stm32l4xx_hal_exti.o
                0x08000de0                HAL_EXTI_RegisterCallback
 .text.HAL_EXTI_GetHandle
                0x08000dec        0xc Drivers\STM32L4xx_HAL_Driver\Src\stm32l4xx_hal_exti.o
                0x08000dec                HAL_EXTI_GetHandle
 .text.HAL_EXTI_IRQHandler
                0x08000df8       0x30 Drivers\STM32L4xx_HAL_Driver\Src\stm32l4xx_hal_exti.o
                0x08000df8                HAL_EXTI_IRQHandler
 .text.HAL_GPIO_Init
                0x08000e28      0x1b8 Drivers\STM32L4xx_HAL_Driver\Src\stm32l4xx_hal_gpio.o
                0x08000e28                HAL_GPIO_Init
 .text.HAL_GPIO_DeInit
                0x08000fe0      0x114 Drivers\STM32L4xx_HAL_Driver\Src\stm32l4xx_hal_gpio.o
                0x08000fe0                HAL_GPIO_DeInit
 .text.HAL_GPIO_ReadPin
                0x080010f4        0xc Drivers\STM32L4xx_HAL_Driver\Src\stm32l4xx_hal_gpio.o
                0x080010f4                HAL_GPIO_ReadPin
 .text.HAL_GPIO_WritePin
                0x08001100        0xa Drivers\STM32L4xx_HAL_Driver\Src\stm32l4xx_hal_gpio.o
                0x08001100                HAL_GPIO_WritePin
 .text.HAL_GPIO_TogglePin
                0x0800110a        0xc Drivers\STM32L4xx_HAL_Driver\Src\stm32l4xx_hal_gpio.o
                0x0800110a                HAL_GPIO_TogglePin
 .text.HAL_GPIO_EXTI_Callback
                0x08001116        0x2 Drivers\STM32L4xx_HAL_Driver\Src\stm32l4xx_hal_gpio.o
                0x08001116                HAL_GPIO_EXTI_Callback
 .text.HAL_GPIO_EXTI_IRQHandler
                0x08001118       0x18 Drivers\STM32L4xx_HAL_Driver\Src\stm32l4xx_hal_gpio.o
                0x08001118                HAL_GPIO_EXTI_IRQHandler
 .text.HAL_I2C_Init
                0x08001130       0xa2 Drivers\STM32L4xx_HAL_Driver\Src\stm32l4xx_hal_i2c.o
                0x08001130                HAL_I2C_Init
 .text.HAL_I2CEx_ConfigAnalogFilter
                0x080011d2       0x4c Drivers\STM32L4xx_HAL_Driver\Src\stm32l4xx_hal_i2c_ex.o
                0x080011d2                HAL_I2CEx_ConfigAnalogFilter
 .text.HAL_I2CEx_ConfigDigitalFilter
                0x0800121e       0x4a Drivers\STM32L4xx_HAL_Driver\Src\stm32l4xx_hal_i2c_ex.o
                0x0800121e                HAL_I2CEx_ConfigDigitalFilter
 .text.HAL_PCD_Init
                0x08001268      0x11a Drivers\STM32L4xx_HAL_Driver\Src\stm32l4xx_hal_pcd.o
                0x08001268                HAL_PCD_Init
 .text.HAL_PCDEx_ActivateLPM
                0x08001382       0x26 Drivers\STM32L4xx_HAL_Driver\Src\stm32l4xx_hal_pcd_ex.o
                0x08001382                HAL_PCDEx_ActivateLPM
 .text.HAL_PWR_EnableBkUpAccess
                0x080013a8       0x10 Drivers\STM32L4xx_HAL_Driver\Src\stm32l4xx_hal_pwr.o
                0x080013a8                HAL_PWR_EnableBkUpAccess
 .text.HAL_PWREx_GetVoltageRange
                0x080013b8       0x10 Drivers\STM32L4xx_HAL_Driver\Src\stm32l4xx_hal_pwr_ex.o
                0x080013b8                HAL_PWREx_GetVoltageRange
 .text.HAL_PWREx_ControlVoltageScaling
                0x080013c8       0x6c Drivers\STM32L4xx_HAL_Driver\Src\stm32l4xx_hal_pwr_ex.o
                0x080013c8                HAL_PWREx_ControlVoltageScaling
 .text.HAL_PWREx_EnableVddUSB
                0x08001434       0x10 Drivers\STM32L4xx_HAL_Driver\Src\stm32l4xx_hal_pwr_ex.o
                0x08001434                HAL_PWREx_EnableVddUSB
 .text.QSPI_WaitFlagStateUntilTimeout
                0x08001444       0x4c Drivers\STM32L4xx_HAL_Driver\Src\stm32l4xx_hal_qspi.o
 .text.HAL_QSPI_Init
                0x08001490       0xb0 Drivers\STM32L4xx_HAL_Driver\Src\stm32l4xx_hal_qspi.o
                0x08001490                HAL_QSPI_Init
 .text.RCC_SetFlashLatencyFromMSIRange
                0x08001540       0x84 Drivers\STM32L4xx_HAL_Driver\Src\stm32l4xx_hal_rcc.o
 .text.HAL_RCC_GetSysClockFreq
                0x080015c4       0x9c Drivers\STM32L4xx_HAL_Driver\Src\stm32l4xx_hal_rcc.o
                0x080015c4                HAL_RCC_GetSysClockFreq
 .text.HAL_RCC_OscConfig
                0x08001660      0x4c4 Drivers\STM32L4xx_HAL_Driver\Src\stm32l4xx_hal_rcc.o
                0x08001660                HAL_RCC_OscConfig
 .text.HAL_RCC_ClockConfig
                0x08001b24      0x12c Drivers\STM32L4xx_HAL_Driver\Src\stm32l4xx_hal_rcc.o
                0x08001b24                HAL_RCC_ClockConfig
 .text.HAL_RCC_GetPCLK1Freq
                0x08001c50       0x24 Drivers\STM32L4xx_HAL_Driver\Src\stm32l4xx_hal_rcc.o
                0x08001c50                HAL_RCC_GetPCLK1Freq
 .text.HAL_RCC_GetPCLK2Freq
                0x08001c74       0x24 Drivers\STM32L4xx_HAL_Driver\Src\stm32l4xx_hal_rcc.o
                0x08001c74                HAL_RCC_GetPCLK2Freq
 .text.RCCEx_PLLSAI1_Config
                0x08001c98      0x11c Drivers\STM32L4xx_HAL_Driver\Src\stm32l4xx_hal_rcc_ex.o
 .text.RCCEx_PLLSAI2_Config
                0x08001db4       0xfc Drivers\STM32L4xx_HAL_Driver\Src\stm32l4xx_hal_rcc_ex.o
 .text.HAL_RCCEx_PeriphCLKConfig
                0x08001eb0      0x3d0 Drivers\STM32L4xx_HAL_Driver\Src\stm32l4xx_hal_rcc_ex.o
                0x08001eb0                HAL_RCCEx_PeriphCLKConfig
 .text.HAL_RCCEx_EnableMSIPLLMode
                0x08002280       0x10 Drivers\STM32L4xx_HAL_Driver\Src\stm32l4xx_hal_rcc_ex.o
                0x08002280                HAL_RCCEx_EnableMSIPLLMode
 .text.SPI_WaitFifoStateUntilTimeout.part.1
                0x08002290       0x50 Drivers\STM32L4xx_HAL_Driver\Src\stm32l4xx_hal_spi.o
 .text.SPI_WaitFlagStateUntilTimeout.constprop.10
                0x080022e0       0x2c Drivers\STM32L4xx_HAL_Driver\Src\stm32l4xx_hal_spi.o
 .text.SPI_WaitFifoStateUntilTimeout.constprop.11
                0x0800230c       0x34 Drivers\STM32L4xx_HAL_Driver\Src\stm32l4xx_hal_spi.o
 .text.SPI_EndRxTxTransaction
                0x08002340       0x44 Drivers\STM32L4xx_HAL_Driver\Src\stm32l4xx_hal_spi.o
 .text.HAL_SPI_MspInit
                0x08002384        0x2 Drivers\STM32L4xx_HAL_Driver\Src\stm32l4xx_hal_spi.o
                0x08002384                HAL_SPI_MspInit
 .text.HAL_SPI_Init
                0x08002386       0xa2 Drivers\STM32L4xx_HAL_Driver\Src\stm32l4xx_hal_spi.o
                0x08002386                HAL_SPI_Init
 .text.HAL_SPI_TransmitReceive
                0x08002428      0x248 Drivers\STM32L4xx_HAL_Driver\Src\stm32l4xx_hal_spi.o
                0x08002428                HAL_SPI_TransmitReceive
 .text.HAL_SPI_ErrorCallback
                0x08002670        0x2 Drivers\STM32L4xx_HAL_Driver\Src\stm32l4xx_hal_spi.o
                0x08002670                HAL_SPI_ErrorCallback
 *fill*         0x08002672        0x2 
 .text.HAL_SPI_IRQHandler
                0x08002674       0xfc Drivers\STM32L4xx_HAL_Driver\Src\stm32l4xx_hal_spi.o
                0x08002674                HAL_SPI_IRQHandler
 .text.SPI_DMAAbortOnError
                0x08002770       0x12 Drivers\STM32L4xx_HAL_Driver\Src\stm32l4xx_hal_spi.o
 .text.HAL_SPI_GetState
                0x08002782        0x6 Drivers\STM32L4xx_HAL_Driver\Src\stm32l4xx_hal_spi.o
                0x08002782                HAL_SPI_GetState
 .text.UART_EndRxTransfer
                0x08002788       0x1c Drivers\STM32L4xx_HAL_Driver\Src\stm32l4xx_hal_uart.o
 .text.HAL_UART_TxCpltCallback
                0x080027a4        0x2 Drivers\STM32L4xx_HAL_Driver\Src\stm32l4xx_hal_uart.o
                0x080027a4                HAL_UART_TxCpltCallback
 .text.HAL_UART_ErrorCallback
                0x080027a6        0x2 Drivers\STM32L4xx_HAL_Driver\Src\stm32l4xx_hal_uart.o
                0x080027a6                HAL_UART_ErrorCallback
 .text.HAL_UART_IRQHandler
                0x080027a8      0x12c Drivers\STM32L4xx_HAL_Driver\Src\stm32l4xx_hal_uart.o
                0x080027a8                HAL_UART_IRQHandler
 .text.UART_DMAAbortOnError
                0x080028d4       0x14 Drivers\STM32L4xx_HAL_Driver\Src\stm32l4xx_hal_uart.o
 .text.UART_SetConfig
                0x080028e8      0x330 Drivers\STM32L4xx_HAL_Driver\Src\stm32l4xx_hal_uart.o
                0x080028e8                UART_SetConfig
 .text.UART_AdvFeatureConfig
                0x08002c18       0xa8 Drivers\STM32L4xx_HAL_Driver\Src\stm32l4xx_hal_uart.o
                0x08002c18                UART_AdvFeatureConfig
 .text.UART_WaitOnFlagUntilTimeout
                0x08002cc0       0x5e Drivers\STM32L4xx_HAL_Driver\Src\stm32l4xx_hal_uart.o
                0x08002cc0                UART_WaitOnFlagUntilTimeout
 .text.UART_CheckIdleState
                0x08002d1e       0x60 Drivers\STM32L4xx_HAL_Driver\Src\stm32l4xx_hal_uart.o
                0x08002d1e                UART_CheckIdleState
 .text.HAL_UART_Init
                0x08002d7e       0x5c Drivers\STM32L4xx_HAL_Driver\Src\stm32l4xx_hal_uart.o
                0x08002d7e                HAL_UART_Init
 .text.HAL_UARTEx_WakeupCallback
                0x08002dda        0x2 Drivers\STM32L4xx_HAL_Driver\Src\stm32l4xx_hal_uart_ex.o
                0x08002dda                HAL_UARTEx_WakeupCallback
 .text.USB_CoreReset
                0x08002ddc       0x30 Drivers\STM32L4xx_HAL_Driver\Src\stm32l4xx_ll_usb.o
 .text.USB_CoreInit
                0x08002e0c       0x6e Drivers\STM32L4xx_HAL_Driver\Src\stm32l4xx_ll_usb.o
                0x08002e0c                USB_CoreInit
 .text.USB_DisableGlobalInt
                0x08002e7a        0xc Drivers\STM32L4xx_HAL_Driver\Src\stm32l4xx_ll_usb.o
                0x08002e7a                USB_DisableGlobalInt
 .text.USB_SetCurrentMode
                0x08002e86       0x2e Drivers\STM32L4xx_HAL_Driver\Src\stm32l4xx_ll_usb.o
                0x08002e86                USB_SetCurrentMode
 .text.USB_FlushTxFifo
                0x08002eb4       0x24 Drivers\STM32L4xx_HAL_Driver\Src\stm32l4xx_ll_usb.o
                0x08002eb4                USB_FlushTxFifo
 .text.USB_FlushRxFifo
                0x08002ed8       0x20 Drivers\STM32L4xx_HAL_Driver\Src\stm32l4xx_ll_usb.o
                0x08002ed8                USB_FlushRxFifo
 .text.USB_SetDevSpeed
                0x08002ef8        0xe Drivers\STM32L4xx_HAL_Driver\Src\stm32l4xx_ll_usb.o
                0x08002ef8                USB_SetDevSpeed
 *fill*         0x08002f06        0x2 
 .text.USB_DevInit
                0x08002f08      0x150 Drivers\STM32L4xx_HAL_Driver\Src\stm32l4xx_ll_usb.o
                0x08002f08                USB_DevInit
 .text.USB_DevDisconnect
                0x08003058       0x18 Drivers\STM32L4xx_HAL_Driver\Src\stm32l4xx_ll_usb.o
                0x08003058                USB_DevDisconnect
 .text.aci_gap_init_IDB05A1
                0x08003070       0x7c Middlewares\ST\BlueNRG-MS\hci\controller\bluenrg_gap_aci.o
                0x08003070                aci_gap_init_IDB05A1
 .text.aci_gap_init_IDB04A1
                0x080030ec       0x7a Middlewares\ST\BlueNRG-MS\hci\controller\bluenrg_gap_aci.o
                0x080030ec                aci_gap_init_IDB04A1
 .text.aci_gap_set_discoverable
                0x08003166       0xba Middlewares\ST\BlueNRG-MS\hci\controller\bluenrg_gap_aci.o
                0x08003166                aci_gap_set_discoverable
 .text.aci_gap_set_auth_requirement
                0x08003220       0x80 Middlewares\ST\BlueNRG-MS\hci\controller\bluenrg_gap_aci.o
                0x08003220                aci_gap_set_auth_requirement
 .text.aci_gap_update_adv_data
                0x080032a0       0x5e Middlewares\ST\BlueNRG-MS\hci\controller\bluenrg_gap_aci.o
                0x080032a0                aci_gap_update_adv_data
 .text.aci_gatt_init
                0x080032fe       0x3e Middlewares\ST\BlueNRG-MS\hci\controller\bluenrg_gatt_aci.o
                0x080032fe                aci_gatt_init
 .text.aci_gatt_add_serv
                0x0800333c       0x86 Middlewares\ST\BlueNRG-MS\hci\controller\bluenrg_gatt_aci.o
                0x0800333c                aci_gatt_add_serv
 .text.aci_gatt_add_char
                0x080033c2       0xbc Middlewares\ST\BlueNRG-MS\hci\controller\bluenrg_gatt_aci.o
                0x080033c2                aci_gatt_add_char
 .text.aci_gatt_update_char_value
                0x0800347e       0x6e Middlewares\ST\BlueNRG-MS\hci\controller\bluenrg_gatt_aci.o
                0x0800347e                aci_gatt_update_char_value
 .text.aci_gatt_allow_read
                0x080034ec       0x4a Middlewares\ST\BlueNRG-MS\hci\controller\bluenrg_gatt_aci.o
                0x080034ec                aci_gatt_allow_read
 .text.aci_hal_write_config_data
                0x08003536       0x64 Middlewares\ST\BlueNRG-MS\hci\controller\bluenrg_hal_aci.o
                0x08003536                aci_hal_write_config_data
 .text.aci_hal_set_tx_power_level
                0x0800359a       0x4c Middlewares\ST\BlueNRG-MS\hci\controller\bluenrg_hal_aci.o
                0x0800359a                aci_hal_set_tx_power_level
 .text.getBlueNRGVersion
                0x080035e6       0x42 Middlewares\ST\BlueNRG-MS\hci\controller\bluenrg_utils_small.o
                0x080035e6                getBlueNRGVersion
 .text.hci_reset
                0x08003628       0x3a Middlewares\ST\BlueNRG-MS\hci\hci_le.o
                0x08003628                hci_reset
 .text.hci_le_read_local_version
                0x08003662       0x80 Middlewares\ST\BlueNRG-MS\hci\hci_le.o
                0x08003662                hci_le_read_local_version
 .text.hci_le_set_scan_resp_data
                0x080036e2       0x66 Middlewares\ST\BlueNRG-MS\hci\hci_le.o
                0x080036e2                hci_le_set_scan_resp_data
 .text.move_list.constprop.0
                0x08003748       0x28 Middlewares\ST\BlueNRG-MS\hci\hci_tl_patterns\Basic\hci_tl.o
 .text.hci_init
                0x08003770       0x54 Middlewares\ST\BlueNRG-MS\hci\hci_tl_patterns\Basic\hci_tl.o
                0x08003770                hci_init
 .text.hci_register_io_bus
                0x080037c4       0x1c Middlewares\ST\BlueNRG-MS\hci\hci_tl_patterns\Basic\hci_tl.o
                0x080037c4                hci_register_io_bus
 .text.hci_send_req
                0x080037e0      0x180 Middlewares\ST\BlueNRG-MS\hci\hci_tl_patterns\Basic\hci_tl.o
                0x080037e0                hci_send_req
 .text.hci_user_evt_proc
                0x08003960       0x40 Middlewares\ST\BlueNRG-MS\hci\hci_tl_patterns\Basic\hci_tl.o
                0x08003960                hci_user_evt_proc
 .text.hci_notify_asynch_evt
                0x080039a0       0x60 Middlewares\ST\BlueNRG-MS\hci\hci_tl_patterns\Basic\hci_tl.o
                0x080039a0                hci_notify_asynch_evt
 .text.list_init_head
                0x08003a00        0x6 Middlewares\ST\BlueNRG-MS\utils\ble_list.o
                0x08003a00                list_init_head
 .text.list_is_empty
                0x08003a06       0x14 Middlewares\ST\BlueNRG-MS\utils\ble_list.o
                0x08003a06                list_is_empty
 .text.list_insert_head
                0x08003a1a       0x18 Middlewares\ST\BlueNRG-MS\utils\ble_list.o
                0x08003a1a                list_insert_head
 .text.list_insert_tail
                0x08003a32       0x18 Middlewares\ST\BlueNRG-MS\utils\ble_list.o
                0x08003a32                list_insert_tail
 .text.list_remove_node
                0x08003a4a       0x16 Middlewares\ST\BlueNRG-MS\utils\ble_list.o
                0x08003a4a                list_remove_node
 .text.list_remove_head
                0x08003a60       0x24 Middlewares\ST\BlueNRG-MS\utils\ble_list.o
                0x08003a60                list_remove_head
 .text.list_remove_tail
                0x08003a84       0x24 Middlewares\ST\BlueNRG-MS\utils\ble_list.o
                0x08003a84                list_remove_tail
 .text.list_get_size
                0x08003aa8       0x1c Middlewares\ST\BlueNRG-MS\utils\ble_list.o
                0x08003aa8                list_get_size
 .text.MX_BlueNRG_MS_Init
                0x08003ac4      0x114 Src\app_x-cube-ble1.o
                0x08003ac4                MX_BlueNRG_MS_Init
 .text.MX_BlueNRG_MS_Process
                0x08003bd8      0x680 Src\app_x-cube-ble1.o
                0x08003bd8                MX_BlueNRG_MS_Process
 .text.BSP_PB_Callback
                0x08004258        0xc Src\app_x-cube-ble1.o
                0x08004258                BSP_PB_Callback
 .text.BSP_SPI3_SendRecv
                0x08004264       0x28 Src\b_l475e_iot01a_bus.o
                0x08004264                BSP_SPI3_SendRecv
 .text.BSP_GetTick
                0x0800428c        0x4 Src\b_l475e_iot01a_bus.o
                0x0800428c                BSP_GetTick
 .text.MX_SPI3_Init
                0x08004290       0x44 Src\b_l475e_iot01a_bus.o
                0x08004290                MX_SPI3_Init
 .text.BSP_SPI3_Init
                0x080042d4       0x9c Src\b_l475e_iot01a_bus.o
                0x080042d4                BSP_SPI3_Init
 .text.Add_HWServW2ST_Service
                0x08004370      0x144 Src\gatt_db.o
                0x08004370                Add_HWServW2ST_Service
 .text.Add_SWServW2ST_Service
                0x080044b4       0xc4 Src\gatt_db.o
                0x080044b4                Add_SWServW2ST_Service
 .text.Acc_Update
                0x08004578       0xb8 Src\gatt_db.o
                0x08004578                Acc_Update
 .text.Quat_Update
                0x08004630       0x64 Src\gatt_db.o
                0x08004630                Quat_Update
 .text.BlueMS_Environmental_Update
                0x08004694       0x64 Src\gatt_db.o
                0x08004694                BlueMS_Environmental_Update
 .text.Read_Request_CB
                0x080046f8       0xdc Src\gatt_db.o
                0x080046f8                Read_Request_CB
 .text.HCI_TL_SPI_Init
                0x080047d4       0x70 Src\hci_tl_interface.o
                0x080047d4                HCI_TL_SPI_Init
 .text.HCI_TL_SPI_DeInit
                0x08004844       0x2c Src\hci_tl_interface.o
                0x08004844                HCI_TL_SPI_DeInit
 .text.HCI_TL_SPI_Reset
                0x08004870       0x2e Src\hci_tl_interface.o
                0x08004870                HCI_TL_SPI_Reset
 *fill*         0x0800489e        0x2 
 .text.HCI_TL_SPI_Receive
                0x080048a0       0x94 Src\hci_tl_interface.o
                0x080048a0                HCI_TL_SPI_Receive
 .text.HCI_TL_SPI_Send
                0x08004934       0x9c Src\hci_tl_interface.o
                0x08004934                HCI_TL_SPI_Send
 .text.hci_tl_lowlevel_isr
                0x080049d0       0x20 Src\hci_tl_interface.o
                0x080049d0                hci_tl_lowlevel_isr
 .text.hci_tl_lowlevel_init
                0x080049f0       0x70 Src\hci_tl_interface.o
                0x080049f0                hci_tl_lowlevel_init
 .text.SystemClock_Config
                0x08004a60       0xbc Src\main.o
                0x08004a60                SystemClock_Config
 .text.startup.main
                0x08004b1c      0x38c Src\main.o
                0x08004b1c                main
 .text.Set_DeviceConnectable
                0x08004ea8       0xe0 Src\sensor.o
                0x08004ea8                Set_DeviceConnectable
 .text.GAP_DisconnectionComplete_CB
                0x08004f88       0x20 Src\sensor.o
                0x08004f88                GAP_DisconnectionComplete_CB
 .text.user_notify
                0x08004fa8       0x4c Src\sensor.o
                0x08004fa8                user_notify
 .text.HAL_MspInit
                0x08004ff4       0x30 Src\stm32l4xx_hal_msp.o
                0x08004ff4                HAL_MspInit
 .text.HAL_DFSDM_ChannelMspInit
                0x08005024       0x64 Src\stm32l4xx_hal_msp.o
                0x08005024                HAL_DFSDM_ChannelMspInit
 .text.HAL_I2C_MspInit
                0x08005088       0x6c Src\stm32l4xx_hal_msp.o
                0x08005088                HAL_I2C_MspInit
 .text.HAL_QSPI_MspInit
                0x080050f4       0x6c Src\stm32l4xx_hal_msp.o
                0x080050f4                HAL_QSPI_MspInit
 .text.HAL_UART_MspInit
                0x08005160       0x68 Src\stm32l4xx_hal_msp.o
                0x08005160                HAL_UART_MspInit
 .text.HAL_PCD_MspInit
                0x080051c8       0xa0 Src\stm32l4xx_hal_msp.o
                0x080051c8                HAL_PCD_MspInit
 .text.NMI_Handler
                0x08005268        0x2 Src\stm32l4xx_it.o
                0x08005268                NMI_Handler
 .text.HardFault_Handler
                0x0800526a        0x2 Src\stm32l4xx_it.o
                0x0800526a                HardFault_Handler
 .text.MemManage_Handler
                0x0800526c        0x2 Src\stm32l4xx_it.o
                0x0800526c                MemManage_Handler
 .text.BusFault_Handler
                0x0800526e        0x2 Src\stm32l4xx_it.o
                0x0800526e                BusFault_Handler
 .text.UsageFault_Handler
                0x08005270        0x2 Src\stm32l4xx_it.o
                0x08005270                UsageFault_Handler
 .text.SVC_Handler
                0x08005272        0x2 Src\stm32l4xx_it.o
                0x08005272                SVC_Handler
 .text.DebugMon_Handler
                0x08005274        0x2 Src\stm32l4xx_it.o
                0x08005274                DebugMon_Handler
 .text.PendSV_Handler
                0x08005276        0x2 Src\stm32l4xx_it.o
                0x08005276                PendSV_Handler
 .text.SysTick_Handler
                0x08005278        0x4 Src\stm32l4xx_it.o
                0x08005278                SysTick_Handler
 .text.EXTI9_5_IRQHandler
                0x0800527c       0x24 Src\stm32l4xx_it.o
                0x0800527c                EXTI9_5_IRQHandler
 .text.USART1_IRQHandler
                0x080052a0        0xc Src\stm32l4xx_it.o
                0x080052a0                USART1_IRQHandler
 .text.EXTI15_10_IRQHandler
                0x080052ac       0x30 Src\stm32l4xx_it.o
                0x080052ac                EXTI15_10_IRQHandler
 .text.SPI3_IRQHandler
                0x080052dc        0xc Src\stm32l4xx_it.o
                0x080052dc                SPI3_IRQHandler
 .text._sbrk    0x080052e8       0x34 Src\syscalls.o
                0x080052e8                _sbrk
 .text.SystemInit
                0x0800531c       0x48 Src\system_stm32l4xx.o
                0x0800531c                SystemInit
 .text.Reset_Handler
                0x08005364       0x50 startup\startup_stm32l475xx.o
                0x08005364                Reset_Handler
 .text.Default_Handler
                0x080053b4        0x2 startup\startup_stm32l475xx.o
                0x080053b4                RTC_Alarm_IRQHandler
                0x080053b4                EXTI2_IRQHandler
                0x080053b4                TIM8_TRG_COM_IRQHandler
                0x080053b4                TIM8_CC_IRQHandler
                0x080053b4                TIM1_CC_IRQHandler
                0x080053b4                TSC_IRQHandler
                0x080053b4                TAMP_STAMP_IRQHandler
                0x080053b4                EXTI3_IRQHandler
                0x080053b4                LPTIM2_IRQHandler
                0x080053b4                DFSDM1_FLT1_IRQHandler
                0x080053b4                I2C3_ER_IRQHandler
                0x080053b4                DFSDM1_FLT2_IRQHandler
                0x080053b4                EXTI0_IRQHandler
                0x080053b4                I2C2_EV_IRQHandler
                0x080053b4                CAN1_RX0_IRQHandler
                0x080053b4                FPU_IRQHandler
                0x080053b4                TIM1_UP_TIM16_IRQHandler
                0x080053b4                ADC1_2_IRQHandler
                0x080053b4                SPI1_IRQHandler
                0x080053b4                TIM6_DAC_IRQHandler
                0x080053b4                TIM8_UP_IRQHandler
                0x080053b4                DMA2_Channel2_IRQHandler
                0x080053b4                DMA1_Channel4_IRQHandler
                0x080053b4                SAI2_IRQHandler
                0x080053b4                DFSDM1_FLT3_IRQHandler
                0x080053b4                USART3_IRQHandler
                0x080053b4                DMA1_Channel7_IRQHandler
                0x080053b4                CAN1_RX1_IRQHandler
                0x080053b4                UART5_IRQHandler
                0x080053b4                ADC3_IRQHandler
                0x080053b4                TIM4_IRQHandler
                0x080053b4                DMA2_Channel1_IRQHandler
                0x080053b4                QUADSPI_IRQHandler
                0x080053b4                I2C1_EV_IRQHandler
                0x080053b4                DMA1_Channel6_IRQHandler
                0x080053b4                UART4_IRQHandler
                0x080053b4                DMA2_Channel4_IRQHandler
                0x080053b4                TIM3_IRQHandler
                0x080053b4                RCC_IRQHandler
                0x080053b4                DMA1_Channel1_IRQHandler
                0x080053b4                Default_Handler
                0x080053b4                DMA2_Channel7_IRQHandler
                0x080053b4                TIM7_IRQHandler
                0x080053b4                SDMMC1_IRQHandler
                0x080053b4                TIM5_IRQHandler
                0x080053b4                I2C3_EV_IRQHandler
                0x080053b4                RTC_WKUP_IRQHandler
                0x080053b4                PVD_PVM_IRQHandler
                0x080053b4                SPI2_IRQHandler
                0x080053b4                CAN1_TX_IRQHandler
                0x080053b4                DMA2_Channel5_IRQHandler
                0x080053b4                DMA1_Channel5_IRQHandler
                0x080053b4                EXTI4_IRQHandler
                0x080053b4                RNG_IRQHandler
                0x080053b4                TIM1_TRG_COM_TIM17_IRQHandler
                0x080053b4                DMA1_Channel3_IRQHandler
                0x080053b4                COMP_IRQHandler
                0x080053b4                WWDG_IRQHandler
                0x080053b4                LPUART1_IRQHandler
                0x080053b4                DMA2_Channel6_IRQHandler
                0x080053b4                TIM2_IRQHandler
                0x080053b4                EXTI1_IRQHandler
                0x080053b4                USART2_IRQHandler
                0x080053b4                DFSDM1_FLT0_IRQHandler
                0x080053b4                I2C2_ER_IRQHandler
                0x080053b4                DMA1_Channel2_IRQHandler
                0x080053b4                TIM8_BRK_IRQHandler
                0x080053b4                CAN1_SCE_IRQHandler
                0x080053b4                FLASH_IRQHandler
                0x080053b4                OTG_FS_IRQHandler
                0x080053b4                I2C1_ER_IRQHandler
                0x080053b4                FMC_IRQHandler
                0x080053b4                SWPMI1_IRQHandler
                0x080053b4                LPTIM1_IRQHandler
                0x080053b4                SAI1_IRQHandler
                0x080053b4                DMA2_Channel3_IRQHandler
                0x080053b4                TIM1_BRK_TIM15_IRQHandler
 *fill*         0x080053b6        0x2 
 .text.__errno  0x080053b8        0xc c:/program files (x86)/atollic/truestudio for stm32 9.3.0/armtools/bin/../lib/gcc/arm-atollic-eabi/6.3.1/../../../../arm-atollic-eabi/lib/armv7e-m/fpu\libc_nano.a(lib_a-errno.o)
                0x080053b8                __errno
 .text.__libc_init_array
                0x080053c4       0x48 c:/program files (x86)/atollic/truestudio for stm32 9.3.0/armtools/bin/../lib/gcc/arm-atollic-eabi/6.3.1/../../../../arm-atollic-eabi/lib/armv7e-m/fpu\libc_nano.a(lib_a-init.o)
                0x080053c4                __libc_init_array
 .text.memcpy   0x0800540c       0x16 c:/program files (x86)/atollic/truestudio for stm32 9.3.0/armtools/bin/../lib/gcc/arm-atollic-eabi/6.3.1/../../../../arm-atollic-eabi/lib/armv7e-m/fpu\libc_nano.a(lib_a-memcpy-stub.o)
                0x0800540c                memcpy
 .text.memset   0x08005422       0x10 c:/program files (x86)/atollic/truestudio for stm32 9.3.0/armtools/bin/../lib/gcc/arm-atollic-eabi/6.3.1/../../../../arm-atollic-eabi/lib/armv7e-m/fpu\libc_nano.a(lib_a-memset.o)
                0x08005422                memset
 *fill*         0x08005432        0x2 
 .text.srand    0x08005434       0x50 c:/program files (x86)/atollic/truestudio for stm32 9.3.0/armtools/bin/../lib/gcc/arm-atollic-eabi/6.3.1/../../../../arm-atollic-eabi/lib/armv7e-m/fpu\libc_nano.a(lib_a-rand.o)
                0x08005434                srand
 .text.rand     0x08005484       0x74 c:/program files (x86)/atollic/truestudio for stm32 9.3.0/armtools/bin/../lib/gcc/arm-atollic-eabi/6.3.1/../../../../arm-atollic-eabi/lib/armv7e-m/fpu\libc_nano.a(lib_a-rand.o)
                0x08005484                rand
 .text.malloc   0x080054f8       0x10 c:/program files (x86)/atollic/truestudio for stm32 9.3.0/armtools/bin/../lib/gcc/arm-atollic-eabi/6.3.1/../../../../arm-atollic-eabi/lib/armv7e-m/fpu\libc_nano.a(lib_a-malloc.o)
                0x080054f8                malloc
 .text._malloc_r
                0x08005508       0xbc c:/program files (x86)/atollic/truestudio for stm32 9.3.0/armtools/bin/../lib/gcc/arm-atollic-eabi/6.3.1/../../../../arm-atollic-eabi/lib/armv7e-m/fpu\libc_nano.a(lib_a-nano-mallocr.o)
                0x08005508                _malloc_r
 .text._sbrk_r  0x080055c4       0x20 c:/program files (x86)/atollic/truestudio for stm32 9.3.0/armtools/bin/../lib/gcc/arm-atollic-eabi/6.3.1/../../../../arm-atollic-eabi/lib/armv7e-m/fpu\libc_nano.a(lib_a-sbrkr.o)
                0x080055c4                _sbrk_r
 .text.__malloc_lock
                0x080055e4        0x2 c:/program files (x86)/atollic/truestudio for stm32 9.3.0/armtools/bin/../lib/gcc/arm-atollic-eabi/6.3.1/../../../../arm-atollic-eabi/lib/armv7e-m/fpu\libc_nano.a(lib_a-mlock.o)
                0x080055e4                __malloc_lock
 .text.__malloc_unlock
                0x080055e6        0x2 c:/program files (x86)/atollic/truestudio for stm32 9.3.0/armtools/bin/../lib/gcc/arm-atollic-eabi/6.3.1/../../../../arm-atollic-eabi/lib/armv7e-m/fpu\libc_nano.a(lib_a-mlock.o)
                0x080055e6                __malloc_unlock
 *(.glue_7)
 .glue_7        0x080055e8        0x0 linker stubs
 *(.glue_7t)
 .glue_7t       0x080055e8        0x0 linker stubs
 *(.eh_frame)
 .eh_frame      0x080055e8        0x0 c:/program files (x86)/atollic/truestudio for stm32 9.3.0/armtools/bin/../lib/gcc/arm-atollic-eabi/6.3.1/armv7e-m/fpu/crtbegin.o
 *(.init)
 .init          0x080055e8        0x4 c:/program files (x86)/atollic/truestudio for stm32 9.3.0/armtools/bin/../lib/gcc/arm-atollic-eabi/6.3.1/armv7e-m/fpu/crti.o
                0x080055e8                _init
 .init          0x080055ec        0x8 c:/program files (x86)/atollic/truestudio for stm32 9.3.0/armtools/bin/../lib/gcc/arm-atollic-eabi/6.3.1/armv7e-m/fpu/crtn.o
 *(.fini)
 .fini          0x080055f4        0x4 c:/program files (x86)/atollic/truestudio for stm32 9.3.0/armtools/bin/../lib/gcc/arm-atollic-eabi/6.3.1/armv7e-m/fpu/crti.o
                0x080055f4                _fini
 .fini          0x080055f8        0x8 c:/program files (x86)/atollic/truestudio for stm32 9.3.0/armtools/bin/../lib/gcc/arm-atollic-eabi/6.3.1/armv7e-m/fpu/crtn.o
                0x08005600                . = ALIGN (0x4)
                0x08005600                _etext = .

.vfp11_veneer   0x08005600        0x0
 .vfp11_veneer  0x08005600        0x0 linker stubs

.v4_bx          0x08005600        0x0
 .v4_bx         0x08005600        0x0 linker stubs

.iplt           0x08005600        0x0
 .iplt          0x08005600        0x0 c:/program files (x86)/atollic/truestudio for stm32 9.3.0/armtools/bin/../lib/gcc/arm-atollic-eabi/6.3.1/armv7e-m/fpu/crtbegin.o

.rodata         0x08005600       0x6c
                0x08005600                . = ALIGN (0x4)
 *(.rodata)
 .rodata        0x08005600        0x8 Src\sensor.o
 *(.rodata*)
 .rodata.CSWTCH.49
                0x08005608        0x4 Drivers\STM32L4xx_HAL_Driver\Src\stm32l4xx_hal_uart.o
 .rodata.CSWTCH.50
                0x0800560c        0xd Drivers\STM32L4xx_HAL_Driver\Src\stm32l4xx_hal_uart.o
 .rodata.MX_BlueNRG_MS_Init.str1.1
                0x08005619        0x8 Src\app_x-cube-ble1.o
 .rodata.AHBPrescTable
                0x08005621       0x10 Src\system_stm32l4xx.o
                0x08005621                AHBPrescTable
 .rodata.APBPrescTable
                0x08005631        0x8 Src\system_stm32l4xx.o
                0x08005631                APBPrescTable
 *fill*         0x08005639        0x3 
 .rodata.MSIRangeTable
                0x0800563c       0x30 Src\system_stm32l4xx.o
                0x0800563c                MSIRangeTable
                0x0800566c                . = ALIGN (0x4)

.ARM.extab
 *(.ARM.extab* .gnu.linkonce.armextab.*)

.ARM            0x0800566c        0x8
                0x0800566c                __exidx_start = .
 *(.ARM.exidx*)
 .ARM.exidx     0x0800566c        0x8 c:/program files (x86)/atollic/truestudio for stm32 9.3.0/armtools/bin/../lib/gcc/arm-atollic-eabi/6.3.1/armv7e-m/fpu\libgcc.a(_udivmoddi4.o)
                0x08005674                __exidx_end = .

.rel.dyn        0x08005674        0x0
 .rel.iplt      0x08005674        0x0 c:/program files (x86)/atollic/truestudio for stm32 9.3.0/armtools/bin/../lib/gcc/arm-atollic-eabi/6.3.1/armv7e-m/fpu/crtbegin.o

.preinit_array  0x08005674        0x0
                0x08005674                PROVIDE (__preinit_array_start, .)
 *(.preinit_array*)
                0x08005674                PROVIDE (__preinit_array_end, .)

.init_array     0x08005674        0x4
                0x08005674                PROVIDE (__init_array_start, .)
 *(SORT(.init_array.*))
 *(.init_array*)
 .init_array    0x08005674        0x4 c:/program files (x86)/atollic/truestudio for stm32 9.3.0/armtools/bin/../lib/gcc/arm-atollic-eabi/6.3.1/armv7e-m/fpu/crtbegin.o
                0x08005678                PROVIDE (__init_array_end, .)

.fini_array     0x08005678        0x4
                [!provide]                PROVIDE (__fini_array_start, .)
 *(SORT(.fini_array.*))
 *(.fini_array*)
 .fini_array    0x08005678        0x4 c:/program files (x86)/atollic/truestudio for stm32 9.3.0/armtools/bin/../lib/gcc/arm-atollic-eabi/6.3.1/armv7e-m/fpu/crtbegin.o
                [!provide]                PROVIDE (__fini_array_end, .)
                0x0800567c                _sidata = LOADADDR (.data)

.data           0x20000000       0x80 load address 0x0800567c
                0x20000000                . = ALIGN (0x4)
                0x20000000                _sdata = .
 *(.data)
 *(.data*)
 .data.COM_USART
                0x20000000        0x4 Drivers\BSP\CUSTOM\b_l475e_iot01a.o
                0x20000000                COM_USART
 .data.hpb_exti
                0x20000004        0x8 Drivers\BSP\CUSTOM\b_l475e_iot01a.o
                0x20000004                hpb_exti
 .data.uwTickFreq
                0x2000000c        0x4 Drivers\STM32L4xx_HAL_Driver\Src\stm32l4xx_hal.o
                0x2000000c                uwTickFreq
 .data.uwTickPrio
                0x20000010        0x4 Drivers\STM32L4xx_HAL_Driver\Src\stm32l4xx_hal.o
                0x20000010                uwTickPrio
 .data.user_button_init_state
                0x20000014        0x1 Src\app_x-cube-ble1.o
 .data.set_connectable
                0x20000015        0x1 Src\sensor.o
                0x20000015                set_connectable
 *fill*         0x20000016        0x2 
 .data.SystemCoreClock
                0x20000018        0x4 Src\system_stm32l4xx.o
                0x20000018                SystemCoreClock
 .data._impure_ptr
                0x2000001c        0x4 c:/program files (x86)/atollic/truestudio for stm32 9.3.0/armtools/bin/../lib/gcc/arm-atollic-eabi/6.3.1/../../../../arm-atollic-eabi/lib/armv7e-m/fpu\libc_nano.a(lib_a-impure.o)
                0x2000001c                _impure_ptr
 .data.impure_data
                0x20000020       0x60 c:/program files (x86)/atollic/truestudio for stm32 9.3.0/armtools/bin/../lib/gcc/arm-atollic-eabi/6.3.1/../../../../arm-atollic-eabi/lib/armv7e-m/fpu\libc_nano.a(lib_a-impure.o)
                0x20000080                . = ALIGN (0x4)
                0x20000080                _edata = .

.igot.plt       0x20000080        0x0 load address 0x080056fc
 .igot.plt      0x20000080        0x0 c:/program files (x86)/atollic/truestudio for stm32 9.3.0/armtools/bin/../lib/gcc/arm-atollic-eabi/6.3.1/armv7e-m/fpu/crtbegin.o
                0x20000080                . = ALIGN (0x4)

.bss            0x20000080      0xb00 load address 0x080056fc
                0x20000080                _sbss = .
                0x20000080                __bss_start__ = _sbss
 *(.bss)
 .bss           0x20000080       0x1c c:/program files (x86)/atollic/truestudio for stm32 9.3.0/armtools/bin/../lib/gcc/arm-atollic-eabi/6.3.1/armv7e-m/fpu/crtbegin.o
 *(.bss*)
 .bss.a_dfsdm1ChannelHandle
                0x2000009c       0x20 Drivers\STM32L4xx_HAL_Driver\Src\stm32l4xx_hal_dfsdm.o
 .bss.v_dfsdm1ChannelCounter
                0x200000bc        0x4 Drivers\STM32L4xx_HAL_Driver\Src\stm32l4xx_hal_dfsdm.o
 .bss.hciContext
                0x200000c0       0x20 Middlewares\ST\BlueNRG-MS\hci\hci_tl_patterns\Basic\hci_tl.o
 .bss.hciReadPacketBuffer
                0x200000e0      0x2bc Middlewares\ST\BlueNRG-MS\hci\hci_tl_patterns\Basic\hci_tl.o
 .bss.bnrg_expansion_board
                0x2000039c        0x1 Src\app_x-cube-ble1.o
                0x2000039c                bnrg_expansion_board
 *fill*         0x2000039d        0x3 
 .bss.counter.11225
                0x200003a0        0x4 Src\app_x-cube-ble1.o
 .bss.user_button_pressed
                0x200003a4        0x1 Src\app_x-cube-ble1.o
 *fill*         0x200003a5        0x3 
 .bss.SPI3InitCounter
                0x200003a8        0x4 Src\b_l475e_iot01a_bus.o
 .bss.read_char_buf.9342
                0x200003ac       0xff Src\hci_tl_interface.o
 *fill*         0x200004ab        0x1 
 .bss.connected
                0x200004ac        0x4 Src\sensor.o
                0x200004ac                connected
 .bss.connection_handle
                0x200004b0        0x2 Src\sensor.o
                0x200004b0                connection_handle
 *fill*         0x200004b2        0x2 
 .bss.g_axes    0x200004b4        0xc Src\sensor.o
                0x200004b4                g_axes
 .bss.m_axes    0x200004c0        0xc Src\sensor.o
                0x200004c0                m_axes
 .bss.notification_enabled
                0x200004cc        0x1 Src\sensor.o
                0x200004cc                notification_enabled
 *fill*         0x200004cd        0x3 
 .bss.q_axes    0x200004d0        0xc Src\sensor.o
                0x200004d0                q_axes
 .bss.x_axes    0x200004dc        0xc Src\sensor.o
                0x200004dc                x_axes
 .bss.DFSDM1_Init
                0x200004e8        0x4 Src\stm32l4xx_hal_msp.o
 .bss.heap_end.7010
                0x200004ec        0x4 Src\syscalls.o
 .bss.__malloc_free_list
                0x200004f0        0x4 c:/program files (x86)/atollic/truestudio for stm32 9.3.0/armtools/bin/../lib/gcc/arm-atollic-eabi/6.3.1/../../../../arm-atollic-eabi/lib/armv7e-m/fpu\libc_nano.a(lib_a-nano-mallocr.o)
                0x200004f0                __malloc_free_list
 .bss.__malloc_sbrk_start
                0x200004f4        0x4 c:/program files (x86)/atollic/truestudio for stm32 9.3.0/armtools/bin/../lib/gcc/arm-atollic-eabi/6.3.1/../../../../arm-atollic-eabi/lib/armv7e-m/fpu\libc_nano.a(lib_a-nano-mallocr.o)
                0x200004f4                __malloc_sbrk_start
 *(COMMON)
 COMMON         0x200004f8       0x80 Drivers\BSP\CUSTOM\b_l475e_iot01a.o
                0x200004f8                hcom_uart
 COMMON         0x20000578        0x4 Drivers\STM32L4xx_HAL_Driver\Src\stm32l4xx_hal.o
                0x20000578                uwTick
 COMMON         0x2000057c       0x10 Middlewares\ST\BlueNRG-MS\hci\hci_tl_patterns\Basic\hci_tl.o
                0x2000057c                hciReadPktPool
                0x20000584                hciReadPktRxQueue
 COMMON         0x2000058c        0x6 Src\app_x-cube-ble1.o
                0x2000058c                bdaddr
 *fill*         0x20000592        0x2 
 COMMON         0x20000594       0x64 Src\b_l475e_iot01a_bus.o
                0x20000594                hspi3
 COMMON         0x200005f8       0x2a Src\gatt_db.o
                0x200005f8                EnvironmentalCharHandle
                0x200005fa                QuaternionsCharHandle
                0x200005fc                char_uuid
                0x2000060c                SWServW2STHandle
                0x2000060e                HWServW2STHandle
                0x20000610                AccGyroMagCharHandle
                0x20000612                service_uuid
 *fill*         0x20000622        0x2 
 COMMON         0x20000624        0x8 Src\hci_tl_interface.o
                0x20000624                hexti6
 COMMON         0x2000062c      0x550 Src\main.o
                0x2000062c                hdfsdm1_channel1
                0x20000664                huart3
                0x200006e4                hpcd_USB_OTG_FS
                0x20000aec                hi2c2
                0x20000b38                hqspi
 COMMON         0x20000b7c        0x4 c:/program files (x86)/atollic/truestudio for stm32 9.3.0/armtools/bin/../lib/gcc/arm-atollic-eabi/6.3.1/../../../../arm-atollic-eabi/lib/armv7e-m/fpu\libc_nano.a(lib_a-reent.o)
                0x20000b7c                errno
                0x20000b80                . = ALIGN (0x4)
                0x20000b80                _ebss = .
                0x20000b80                __bss_end__ = _ebss

._user_heap_stack
                0x20000b80      0x600 load address 0x080056fc
                0x20000b80                . = ALIGN (0x4)
                0x20000b80                PROVIDE (end, .)
                [!provide]                PROVIDE (_end, .)
                0x20000d80                . = (. + _Min_Heap_Size)
 *fill*         0x20000b80      0x200 
                0x20001180                . = (. + _Min_Stack_Size)
 *fill*         0x20000d80      0x400 
                0x20001180                . = ALIGN (0x4)

/DISCARD/
 libc.a(*)
 libm.a(*)
 libgcc.a(*)

.ARM.attributes
                0x00000000       0x30
 *(.ARM.attributes)
 .ARM.attributes
                0x00000000       0x22 c:/program files (x86)/atollic/truestudio for stm32 9.3.0/armtools/bin/../lib/gcc/arm-atollic-eabi/6.3.1/armv7e-m/fpu/crti.o
 .ARM.attributes
                0x00000022       0x34 c:/program files (x86)/atollic/truestudio for stm32 9.3.0/armtools/bin/../lib/gcc/arm-atollic-eabi/6.3.1/armv7e-m/fpu/crtbegin.o
 .ARM.attributes
                0x00000056       0x39 Drivers\BSP\CUSTOM\b_l475e_iot01a.o
 .ARM.attributes
                0x0000008f       0x39 Drivers\STM32L4xx_HAL_Driver\Src\stm32l4xx_hal.o
 .ARM.attributes
                0x000000c8       0x39 Drivers\STM32L4xx_HAL_Driver\Src\stm32l4xx_hal_cortex.o
 .ARM.attributes
                0x00000101       0x39 Drivers\STM32L4xx_HAL_Driver\Src\stm32l4xx_hal_dfsdm.o
 .ARM.attributes
                0x0000013a       0x39 Drivers\STM32L4xx_HAL_Driver\Src\stm32l4xx_hal_dma.o
 .ARM.attributes
                0x00000173       0x39 Drivers\STM32L4xx_HAL_Driver\Src\stm32l4xx_hal_exti.o
 .ARM.attributes
                0x000001ac       0x39 Drivers\STM32L4xx_HAL_Driver\Src\stm32l4xx_hal_gpio.o
 .ARM.attributes
                0x000001e5       0x39 Drivers\STM32L4xx_HAL_Driver\Src\stm32l4xx_hal_i2c.o
 .ARM.attributes
                0x0000021e       0x39 Drivers\STM32L4xx_HAL_Driver\Src\stm32l4xx_hal_i2c_ex.o
 .ARM.attributes
                0x00000257       0x39 Drivers\STM32L4xx_HAL_Driver\Src\stm32l4xx_hal_pcd.o
 .ARM.attributes
                0x00000290       0x39 Drivers\STM32L4xx_HAL_Driver\Src\stm32l4xx_hal_pcd_ex.o
 .ARM.attributes
                0x000002c9       0x39 Drivers\STM32L4xx_HAL_Driver\Src\stm32l4xx_hal_pwr.o
 .ARM.attributes
                0x00000302       0x39 Drivers\STM32L4xx_HAL_Driver\Src\stm32l4xx_hal_pwr_ex.o
 .ARM.attributes
                0x0000033b       0x39 Drivers\STM32L4xx_HAL_Driver\Src\stm32l4xx_hal_qspi.o
 .ARM.attributes
                0x00000374       0x39 Drivers\STM32L4xx_HAL_Driver\Src\stm32l4xx_hal_rcc.o
 .ARM.attributes
                0x000003ad       0x39 Drivers\STM32L4xx_HAL_Driver\Src\stm32l4xx_hal_rcc_ex.o
 .ARM.attributes
                0x000003e6       0x39 Drivers\STM32L4xx_HAL_Driver\Src\stm32l4xx_hal_spi.o
 .ARM.attributes
                0x0000041f       0x39 Drivers\STM32L4xx_HAL_Driver\Src\stm32l4xx_hal_uart.o
 .ARM.attributes
                0x00000458       0x39 Drivers\STM32L4xx_HAL_Driver\Src\stm32l4xx_hal_uart_ex.o
 .ARM.attributes
                0x00000491       0x39 Drivers\STM32L4xx_HAL_Driver\Src\stm32l4xx_ll_usb.o
 .ARM.attributes
                0x000004ca       0x39 Middlewares\ST\BlueNRG-MS\hci\controller\bluenrg_gap_aci.o
 .ARM.attributes
                0x00000503       0x39 Middlewares\ST\BlueNRG-MS\hci\controller\bluenrg_gatt_aci.o
 .ARM.attributes
                0x0000053c       0x39 Middlewares\ST\BlueNRG-MS\hci\controller\bluenrg_hal_aci.o
 .ARM.attributes
                0x00000575       0x39 Middlewares\ST\BlueNRG-MS\hci\controller\bluenrg_utils_small.o
 .ARM.attributes
                0x000005ae       0x39 Middlewares\ST\BlueNRG-MS\hci\hci_le.o
 .ARM.attributes
                0x000005e7       0x39 Middlewares\ST\BlueNRG-MS\hci\hci_tl_patterns\Basic\hci_tl.o
 .ARM.attributes
                0x00000620       0x39 Middlewares\ST\BlueNRG-MS\utils\ble_list.o
 .ARM.attributes
                0x00000659       0x39 Src\app_x-cube-ble1.o
 .ARM.attributes
                0x00000692       0x39 Src\b_l475e_iot01a_bus.o
 .ARM.attributes
                0x000006cb       0x39 Src\gatt_db.o
 .ARM.attributes
                0x00000704       0x39 Src\hci_tl_interface.o
 .ARM.attributes
                0x0000073d       0x39 Src\main.o
 .ARM.attributes
                0x00000776       0x39 Src\sensor.o
 .ARM.attributes
                0x000007af       0x39 Src\stm32l4xx_hal_msp.o
 .ARM.attributes
                0x000007e8       0x39 Src\stm32l4xx_it.o
 .ARM.attributes
                0x00000821       0x39 Src\syscalls.o
 .ARM.attributes
                0x0000085a       0x39 Src\system_stm32l4xx.o
 .ARM.attributes
                0x00000893       0x21 startup\startup_stm32l475xx.o
 .ARM.attributes
                0x000008b4       0x34 c:/program files (x86)/atollic/truestudio for stm32 9.3.0/armtools/bin/../lib/gcc/arm-atollic-eabi/6.3.1/../../../../arm-atollic-eabi/lib/armv7e-m/fpu\libc_nano.a(lib_a-errno.o)
 .ARM.attributes
                0x000008e8       0x34 c:/program files (x86)/atollic/truestudio for stm32 9.3.0/armtools/bin/../lib/gcc/arm-atollic-eabi/6.3.1/../../../../arm-atollic-eabi/lib/armv7e-m/fpu\libc_nano.a(lib_a-impure.o)
 .ARM.attributes
                0x0000091c       0x34 c:/program files (x86)/atollic/truestudio for stm32 9.3.0/armtools/bin/../lib/gcc/arm-atollic-eabi/6.3.1/../../../../arm-atollic-eabi/lib/armv7e-m/fpu\libc_nano.a(lib_a-init.o)
 .ARM.attributes
                0x00000950       0x34 c:/program files (x86)/atollic/truestudio for stm32 9.3.0/armtools/bin/../lib/gcc/arm-atollic-eabi/6.3.1/../../../../arm-atollic-eabi/lib/armv7e-m/fpu\libc_nano.a(lib_a-memcpy-stub.o)
 .ARM.attributes
                0x00000984       0x34 c:/program files (x86)/atollic/truestudio for stm32 9.3.0/armtools/bin/../lib/gcc/arm-atollic-eabi/6.3.1/../../../../arm-atollic-eabi/lib/armv7e-m/fpu\libc_nano.a(lib_a-memset.o)
 .ARM.attributes
                0x000009b8       0x34 c:/program files (x86)/atollic/truestudio for stm32 9.3.0/armtools/bin/../lib/gcc/arm-atollic-eabi/6.3.1/../../../../arm-atollic-eabi/lib/armv7e-m/fpu\libc_nano.a(lib_a-rand.o)
 .ARM.attributes
                0x000009ec       0x34 c:/program files (x86)/atollic/truestudio for stm32 9.3.0/armtools/bin/../lib/gcc/arm-atollic-eabi/6.3.1/../../../../arm-atollic-eabi/lib/armv7e-m/fpu\libc_nano.a(lib_a-malloc.o)
 .ARM.attributes
                0x00000a20       0x34 c:/program files (x86)/atollic/truestudio for stm32 9.3.0/armtools/bin/../lib/gcc/arm-atollic-eabi/6.3.1/../../../../arm-atollic-eabi/lib/armv7e-m/fpu\libc_nano.a(lib_a-nano-mallocr.o)
 .ARM.attributes
                0x00000a54       0x34 c:/program files (x86)/atollic/truestudio for stm32 9.3.0/armtools/bin/../lib/gcc/arm-atollic-eabi/6.3.1/../../../../arm-atollic-eabi/lib/armv7e-m/fpu\libc_nano.a(lib_a-sbrkr.o)
 .ARM.attributes
                0x00000a88       0x34 c:/program files (x86)/atollic/truestudio for stm32 9.3.0/armtools/bin/../lib/gcc/arm-atollic-eabi/6.3.1/../../../../arm-atollic-eabi/lib/armv7e-m/fpu\libc_nano.a(lib_a-mlock.o)
 .ARM.attributes
                0x00000abc       0x34 c:/program files (x86)/atollic/truestudio for stm32 9.3.0/armtools/bin/../lib/gcc/arm-atollic-eabi/6.3.1/../../../../arm-atollic-eabi/lib/armv7e-m/fpu\libc_nano.a(lib_a-reent.o)
 .ARM.attributes
                0x00000af0       0x22 c:/program files (x86)/atollic/truestudio for stm32 9.3.0/armtools/bin/../lib/gcc/arm-atollic-eabi/6.3.1/armv7e-m/fpu\libgcc.a(_arm_addsubdf3.o)
 .ARM.attributes
                0x00000b12       0x22 c:/program files (x86)/atollic/truestudio for stm32 9.3.0/armtools/bin/../lib/gcc/arm-atollic-eabi/6.3.1/armv7e-m/fpu\libgcc.a(_arm_truncdfsf2.o)
 .ARM.attributes
                0x00000b34       0x22 c:/program files (x86)/atollic/truestudio for stm32 9.3.0/armtools/bin/../lib/gcc/arm-atollic-eabi/6.3.1/armv7e-m/fpu\libgcc.a(_aeabi_uldivmod.o)
 .ARM.attributes
                0x00000b56       0x34 c:/program files (x86)/atollic/truestudio for stm32 9.3.0/armtools/bin/../lib/gcc/arm-atollic-eabi/6.3.1/armv7e-m/fpu\libgcc.a(_udivmoddi4.o)
 .ARM.attributes
                0x00000b8a       0x22 c:/program files (x86)/atollic/truestudio for stm32 9.3.0/armtools/bin/../lib/gcc/arm-atollic-eabi/6.3.1/armv7e-m/fpu\libgcc.a(_dvmd_tls.o)
 .ARM.attributes
                0x00000bac       0x22 c:/program files (x86)/atollic/truestudio for stm32 9.3.0/armtools/bin/../lib/gcc/arm-atollic-eabi/6.3.1/armv7e-m/fpu/crtn.o
OUTPUT(BLE.elf elf32-littlearm)

.debug_info     0x00000000    0x35e5d
 .debug_info    0x00000000     0x198e Drivers\BSP\CUSTOM\b_l475e_iot01a.o
 .debug_info    0x0000198e      0xcd2 Drivers\STM32L4xx_HAL_Driver\Src\stm32l4xx_hal.o
 .debug_info    0x00002660     0x1096 Drivers\STM32L4xx_HAL_Driver\Src\stm32l4xx_hal_cortex.o
 .debug_info    0x000036f6     0x1ef3 Drivers\STM32L4xx_HAL_Driver\Src\stm32l4xx_hal_dfsdm.o
 .debug_info    0x000055e9      0x952 Drivers\STM32L4xx_HAL_Driver\Src\stm32l4xx_hal_dma.o
 .debug_info    0x00005f3b      0x873 Drivers\STM32L4xx_HAL_Driver\Src\stm32l4xx_hal_exti.o
 .debug_info    0x000067ae      0x98c Drivers\STM32L4xx_HAL_Driver\Src\stm32l4xx_hal_gpio.o
 .debug_info    0x0000713a     0x3910 Drivers\STM32L4xx_HAL_Driver\Src\stm32l4xx_hal_i2c.o
 .debug_info    0x0000aa4a      0xb3e Drivers\STM32L4xx_HAL_Driver\Src\stm32l4xx_hal_i2c_ex.o
 .debug_info    0x0000b588     0x18bf Drivers\STM32L4xx_HAL_Driver\Src\stm32l4xx_hal_pcd.o
 .debug_info    0x0000ce47      0xabf Drivers\STM32L4xx_HAL_Driver\Src\stm32l4xx_hal_pcd_ex.o
 .debug_info    0x0000d906      0xab9 Drivers\STM32L4xx_HAL_Driver\Src\stm32l4xx_hal_pwr.o
 .debug_info    0x0000e3bf      0xb0e Drivers\STM32L4xx_HAL_Driver\Src\stm32l4xx_hal_pwr_ex.o
 .debug_info    0x0000eecd     0x17dc Drivers\STM32L4xx_HAL_Driver\Src\stm32l4xx_hal_qspi.o
 .debug_info    0x000106a9      0xf0c Drivers\STM32L4xx_HAL_Driver\Src\stm32l4xx_hal_rcc.o
 .debug_info    0x000115b5     0x11a3 Drivers\STM32L4xx_HAL_Driver\Src\stm32l4xx_hal_rcc_ex.o
 .debug_info    0x00012758     0x21a4 Drivers\STM32L4xx_HAL_Driver\Src\stm32l4xx_hal_spi.o
 .debug_info    0x000148fc     0x1dab Drivers\STM32L4xx_HAL_Driver\Src\stm32l4xx_hal_uart.o
 .debug_info    0x000166a7      0xaf9 Drivers\STM32L4xx_HAL_Driver\Src\stm32l4xx_hal_uart_ex.o
 .debug_info    0x000171a0     0x1cb4 Drivers\STM32L4xx_HAL_Driver\Src\stm32l4xx_ll_usb.o
 .debug_info    0x00018e54     0x3a36 Middlewares\ST\BlueNRG-MS\hci\controller\bluenrg_gap_aci.o
 .debug_info    0x0001c88a     0x3de5 Middlewares\ST\BlueNRG-MS\hci\controller\bluenrg_gatt_aci.o
 .debug_info    0x0002066f     0x1749 Middlewares\ST\BlueNRG-MS\hci\controller\bluenrg_hal_aci.o
 .debug_info    0x00021db8     0x1162 Middlewares\ST\BlueNRG-MS\hci\controller\bluenrg_utils_small.o
 .debug_info    0x00022f1a     0x2b1c Middlewares\ST\BlueNRG-MS\hci\hci_le.o
 .debug_info    0x00025a36     0x1995 Middlewares\ST\BlueNRG-MS\hci\hci_tl_patterns\Basic\hci_tl.o
 .debug_info    0x000273cb     0x1112 Middlewares\ST\BlueNRG-MS\utils\ble_list.o
 .debug_info    0x000284dd     0x1bf2 Src\app_x-cube-ble1.o
 .debug_info    0x0002a0cf     0x1412 Src\b_l475e_iot01a_bus.o
 .debug_info    0x0002b4e1     0x1077 Src\gatt_db.o
 .debug_info    0x0002c558     0x1b02 Src\hci_tl_interface.o
 .debug_info    0x0002e05a     0x26e9 Src\main.o
 .debug_info    0x00030743     0x14dc Src\sensor.o
 .debug_info    0x00031c1f     0x1e89 Src\stm32l4xx_hal_msp.o
 .debug_info    0x00033aa8      0xc69 Src\stm32l4xx_it.o
 .debug_info    0x00034711      0xfe1 Src\syscalls.o
 .debug_info    0x000356f2      0x6fb Src\system_stm32l4xx.o
 .debug_info    0x00035ded       0x70 startup\startup_stm32l475xx.o

.debug_abbrev   0x00000000     0x5f5b
 .debug_abbrev  0x00000000      0x341 Drivers\BSP\CUSTOM\b_l475e_iot01a.o
 .debug_abbrev  0x00000341      0x28a Drivers\STM32L4xx_HAL_Driver\Src\stm32l4xx_hal.o
 .debug_abbrev  0x000005cb      0x314 Drivers\STM32L4xx_HAL_Driver\Src\stm32l4xx_hal_cortex.o
 .debug_abbrev  0x000008df      0x2d0 Drivers\STM32L4xx_HAL_Driver\Src\stm32l4xx_hal_dfsdm.o
 .debug_abbrev  0x00000baf      0x224 Drivers\STM32L4xx_HAL_Driver\Src\stm32l4xx_hal_dma.o
 .debug_abbrev  0x00000dd3      0x1b6 Drivers\STM32L4xx_HAL_Driver\Src\stm32l4xx_hal_exti.o
 .debug_abbrev  0x00000f89      0x1d7 Drivers\STM32L4xx_HAL_Driver\Src\stm32l4xx_hal_gpio.o
 .debug_abbrev  0x00001160      0x351 Drivers\STM32L4xx_HAL_Driver\Src\stm32l4xx_hal_i2c.o
 .debug_abbrev  0x000014b1      0x1b2 Drivers\STM32L4xx_HAL_Driver\Src\stm32l4xx_hal_i2c_ex.o
 .debug_abbrev  0x00001663      0x350 Drivers\STM32L4xx_HAL_Driver\Src\stm32l4xx_hal_pcd.o
 .debug_abbrev  0x000019b3      0x283 Drivers\STM32L4xx_HAL_Driver\Src\stm32l4xx_hal_pcd_ex.o
 .debug_abbrev  0x00001c36      0x196 Drivers\STM32L4xx_HAL_Driver\Src\stm32l4xx_hal_pwr.o
 .debug_abbrev  0x00001dcc      0x209 Drivers\STM32L4xx_HAL_Driver\Src\stm32l4xx_hal_pwr_ex.o
 .debug_abbrev  0x00001fd5      0x2d0 Drivers\STM32L4xx_HAL_Driver\Src\stm32l4xx_hal_qspi.o
 .debug_abbrev  0x000022a5      0x258 Drivers\STM32L4xx_HAL_Driver\Src\stm32l4xx_hal_rcc.o
 .debug_abbrev  0x000024fd      0x264 Drivers\STM32L4xx_HAL_Driver\Src\stm32l4xx_hal_rcc_ex.o
 .debug_abbrev  0x00002761      0x318 Drivers\STM32L4xx_HAL_Driver\Src\stm32l4xx_hal_spi.o
 .debug_abbrev  0x00002a79      0x31d Drivers\STM32L4xx_HAL_Driver\Src\stm32l4xx_hal_uart.o
 .debug_abbrev  0x00002d96      0x240 Drivers\STM32L4xx_HAL_Driver\Src\stm32l4xx_hal_uart_ex.o
 .debug_abbrev  0x00002fd6      0x356 Drivers\STM32L4xx_HAL_Driver\Src\stm32l4xx_ll_usb.o
 .debug_abbrev  0x0000332c      0x295 Middlewares\ST\BlueNRG-MS\hci\controller\bluenrg_gap_aci.o
 .debug_abbrev  0x000035c1      0x28b Middlewares\ST\BlueNRG-MS\hci\controller\bluenrg_gatt_aci.o
 .debug_abbrev  0x0000384c      0x248 Middlewares\ST\BlueNRG-MS\hci\controller\bluenrg_hal_aci.o
 .debug_abbrev  0x00003a94      0x1e7 Middlewares\ST\BlueNRG-MS\hci\controller\bluenrg_utils_small.o
 .debug_abbrev  0x00003c7b      0x286 Middlewares\ST\BlueNRG-MS\hci\hci_le.o
 .debug_abbrev  0x00003f01      0x405 Middlewares\ST\BlueNRG-MS\hci\hci_tl_patterns\Basic\hci_tl.o
 .debug_abbrev  0x00004306      0x2aa Middlewares\ST\BlueNRG-MS\utils\ble_list.o
 .debug_abbrev  0x000045b0      0x354 Src\app_x-cube-ble1.o
 .debug_abbrev  0x00004904      0x29b Src\b_l475e_iot01a_bus.o
 .debug_abbrev  0x00004b9f      0x2e9 Src\gatt_db.o
 .debug_abbrev  0x00004e88      0x2ac Src\hci_tl_interface.o
 .debug_abbrev  0x00005134      0x2db Src\main.o
 .debug_abbrev  0x0000540f      0x2e4 Src\sensor.o
 .debug_abbrev  0x000056f3      0x255 Src\stm32l4xx_hal_msp.o
 .debug_abbrev  0x00005948      0x1dd Src\stm32l4xx_it.o
 .debug_abbrev  0x00005b25      0x2d9 Src\syscalls.o
 .debug_abbrev  0x00005dfe      0x14b Src\system_stm32l4xx.o
 .debug_abbrev  0x00005f49       0x12 startup\startup_stm32l475xx.o

.debug_loc      0x00000000    0x15cc2
 .debug_loc     0x00000000      0x303 Drivers\BSP\CUSTOM\b_l475e_iot01a.o
 .debug_loc     0x00000303      0x1d5 Drivers\STM32L4xx_HAL_Driver\Src\stm32l4xx_hal.o
 .debug_loc     0x000004d8      0x4fb Drivers\STM32L4xx_HAL_Driver\Src\stm32l4xx_hal_cortex.o
 .debug_loc     0x000009d3     0x18a8 Drivers\STM32L4xx_HAL_Driver\Src\stm32l4xx_hal_dfsdm.o
 .debug_loc     0x0000227b      0x5b7 Drivers\STM32L4xx_HAL_Driver\Src\stm32l4xx_hal_dma.o
 .debug_loc     0x00002832      0x74b Drivers\STM32L4xx_HAL_Driver\Src\stm32l4xx_hal_exti.o
 .debug_loc     0x00002f7d      0x2c1 Drivers\STM32L4xx_HAL_Driver\Src\stm32l4xx_hal_gpio.o
 .debug_loc     0x0000323e     0x3a9a Drivers\STM32L4xx_HAL_Driver\Src\stm32l4xx_hal_i2c.o
 .debug_loc     0x00006cd8      0x1a0 Drivers\STM32L4xx_HAL_Driver\Src\stm32l4xx_hal_i2c_ex.o
 .debug_loc     0x00006e78      0xbb2 Drivers\STM32L4xx_HAL_Driver\Src\stm32l4xx_hal_pcd.o
 .debug_loc     0x00007a2a      0x223 Drivers\STM32L4xx_HAL_Driver\Src\stm32l4xx_hal_pcd_ex.o
 .debug_loc     0x00007c4d      0x132 Drivers\STM32L4xx_HAL_Driver\Src\stm32l4xx_hal_pwr.o
 .debug_loc     0x00007d7f      0x63b Drivers\STM32L4xx_HAL_Driver\Src\stm32l4xx_hal_pwr_ex.o
 .debug_loc     0x000083ba     0x102f Drivers\STM32L4xx_HAL_Driver\Src\stm32l4xx_hal_qspi.o
 .debug_loc     0x000093e9      0x5ed Drivers\STM32L4xx_HAL_Driver\Src\stm32l4xx_hal_rcc.o
 .debug_loc     0x000099d6      0xdaf Drivers\STM32L4xx_HAL_Driver\Src\stm32l4xx_hal_rcc_ex.o
 .debug_loc     0x0000a785     0x1a4a Drivers\STM32L4xx_HAL_Driver\Src\stm32l4xx_hal_spi.o
 .debug_loc     0x0000c1cf     0x198d Drivers\STM32L4xx_HAL_Driver\Src\stm32l4xx_hal_uart.o
 .debug_loc     0x0000db5c      0x2e0 Drivers\STM32L4xx_HAL_Driver\Src\stm32l4xx_hal_uart_ex.o
 .debug_loc     0x0000de3c     0x19ad Drivers\STM32L4xx_HAL_Driver\Src\stm32l4xx_ll_usb.o
 .debug_loc     0x0000f7e9     0x1ccf Middlewares\ST\BlueNRG-MS\hci\controller\bluenrg_gap_aci.o
 .debug_loc     0x000114b8     0x2602 Middlewares\ST\BlueNRG-MS\hci\controller\bluenrg_gatt_aci.o
 .debug_loc     0x00013aba      0x2cb Middlewares\ST\BlueNRG-MS\hci\controller\bluenrg_hal_aci.o
 .debug_loc     0x00013d85       0x3c Middlewares\ST\BlueNRG-MS\hci\controller\bluenrg_utils_small.o
 .debug_loc     0x00013dc1      0x7bb Middlewares\ST\BlueNRG-MS\hci\hci_le.o
 .debug_loc     0x0001457c      0x417 Middlewares\ST\BlueNRG-MS\hci\hci_tl_patterns\Basic\hci_tl.o
 .debug_loc     0x00014993      0x110 Middlewares\ST\BlueNRG-MS\utils\ble_list.o
 .debug_loc     0x00014aa3      0x1e6 Src\app_x-cube-ble1.o
 .debug_loc     0x00014c89      0x186 Src\b_l475e_iot01a_bus.o
 .debug_loc     0x00014e0f      0x4e7 Src\gatt_db.o
 .debug_loc     0x000152f6      0x16a Src\hci_tl_interface.o
 .debug_loc     0x00015460      0x113 Src\sensor.o
 .debug_loc     0x00015573      0x1a2 Src\stm32l4xx_hal_msp.o
 .debug_loc     0x00015715      0x3ef Src\syscalls.o
 .debug_loc     0x00015b04      0x1be Src\system_stm32l4xx.o

.debug_aranges  0x00000000     0x1b00
 .debug_aranges
                0x00000000       0xa8 Drivers\BSP\CUSTOM\b_l475e_iot01a.o
 .debug_aranges
                0x000000a8      0x128 Drivers\STM32L4xx_HAL_Driver\Src\stm32l4xx_hal.o
 .debug_aranges
                0x000001d0       0xa8 Drivers\STM32L4xx_HAL_Driver\Src\stm32l4xx_hal_cortex.o
 .debug_aranges
                0x00000278      0x1f0 Drivers\STM32L4xx_HAL_Driver\Src\stm32l4xx_hal_dfsdm.o
 .debug_aranges
                0x00000468       0x78 Drivers\STM32L4xx_HAL_Driver\Src\stm32l4xx_hal_dma.o
 .debug_aranges
                0x000004e0       0x60 Drivers\STM32L4xx_HAL_Driver\Src\stm32l4xx_hal_exti.o
 .debug_aranges
                0x00000540       0x58 Drivers\STM32L4xx_HAL_Driver\Src\stm32l4xx_hal_gpio.o
 .debug_aranges
                0x00000598      0x238 Drivers\STM32L4xx_HAL_Driver\Src\stm32l4xx_hal_i2c.o
 .debug_aranges
                0x000007d0       0x48 Drivers\STM32L4xx_HAL_Driver\Src\stm32l4xx_hal_i2c_ex.o
 .debug_aranges
                0x00000818       0xc0 Drivers\STM32L4xx_HAL_Driver\Src\stm32l4xx_hal_pcd.o
 .debug_aranges
                0x000008d8       0x58 Drivers\STM32L4xx_HAL_Driver\Src\stm32l4xx_hal_pcd_ex.o
 .debug_aranges
                0x00000930       0x98 Drivers\STM32L4xx_HAL_Driver\Src\stm32l4xx_hal_pwr.o
 .debug_aranges
                0x000009c8      0x130 Drivers\STM32L4xx_HAL_Driver\Src\stm32l4xx_hal_pwr_ex.o
 .debug_aranges
                0x00000af8      0x108 Drivers\STM32L4xx_HAL_Driver\Src\stm32l4xx_hal_qspi.o
 .debug_aranges
                0x00000c00       0x88 Drivers\STM32L4xx_HAL_Driver\Src\stm32l4xx_hal_rcc.o
 .debug_aranges
                0x00000c88       0xc0 Drivers\STM32L4xx_HAL_Driver\Src\stm32l4xx_hal_rcc_ex.o
 .debug_aranges
                0x00000d48      0x198 Drivers\STM32L4xx_HAL_Driver\Src\stm32l4xx_hal_spi.o
 .debug_aranges
                0x00000ee0      0x1a0 Drivers\STM32L4xx_HAL_Driver\Src\stm32l4xx_hal_uart.o
 .debug_aranges
                0x00001080       0x58 Drivers\STM32L4xx_HAL_Driver\Src\stm32l4xx_hal_uart_ex.o
 .debug_aranges
                0x000010d8      0x198 Drivers\STM32L4xx_HAL_Driver\Src\stm32l4xx_ll_usb.o
 .debug_aranges
                0x00001270      0x168 Middlewares\ST\BlueNRG-MS\hci\controller\bluenrg_gap_aci.o
 .debug_aranges
                0x000013d8      0x178 Middlewares\ST\BlueNRG-MS\hci\controller\bluenrg_gatt_aci.o
 .debug_aranges
                0x00001550       0x68 Middlewares\ST\BlueNRG-MS\hci\controller\bluenrg_hal_aci.o
 .debug_aranges
                0x000015b8       0x20 Middlewares\ST\BlueNRG-MS\hci\controller\bluenrg_utils_small.o
 .debug_aranges
                0x000015d8      0x110 Middlewares\ST\BlueNRG-MS\hci\hci_le.o
 .debug_aranges
                0x000016e8       0x48 Middlewares\ST\BlueNRG-MS\hci\hci_tl_patterns\Basic\hci_tl.o
 .debug_aranges
                0x00001730       0x78 Middlewares\ST\BlueNRG-MS\utils\ble_list.o
 .debug_aranges
                0x000017a8       0x30 Src\app_x-cube-ble1.o
 .debug_aranges
                0x000017d8       0x50 Src\b_l475e_iot01a_bus.o
 .debug_aranges
                0x00001828       0x48 Src\gatt_db.o
 .debug_aranges
                0x00001870       0x50 Src\hci_tl_interface.o
 .debug_aranges
                0x000018c0       0x30 Src\main.o
 .debug_aranges
                0x000018f0       0x38 Src\sensor.o
 .debug_aranges
                0x00001928       0x70 Src\stm32l4xx_hal_msp.o
 .debug_aranges
                0x00001998       0x68 Src\stm32l4xx_it.o
 .debug_aranges
                0x00001a00       0xb0 Src\syscalls.o
 .debug_aranges
                0x00001ab0       0x28 Src\system_stm32l4xx.o
 .debug_aranges
                0x00001ad8       0x28 startup\startup_stm32l475xx.o

.debug_ranges   0x00000000     0x1ea8
 .debug_ranges  0x00000000       0xf8 Drivers\BSP\CUSTOM\b_l475e_iot01a.o
 .debug_ranges  0x000000f8      0x118 Drivers\STM32L4xx_HAL_Driver\Src\stm32l4xx_hal.o
 .debug_ranges  0x00000210      0x128 Drivers\STM32L4xx_HAL_Driver\Src\stm32l4xx_hal_cortex.o
 .debug_ranges  0x00000338      0x248 Drivers\STM32L4xx_HAL_Driver\Src\stm32l4xx_hal_dfsdm.o
 .debug_ranges  0x00000580       0xa0 Drivers\STM32L4xx_HAL_Driver\Src\stm32l4xx_hal_dma.o
 .debug_ranges  0x00000620       0x50 Drivers\STM32L4xx_HAL_Driver\Src\stm32l4xx_hal_exti.o
 .debug_ranges  0x00000670       0x68 Drivers\STM32L4xx_HAL_Driver\Src\stm32l4xx_hal_gpio.o
 .debug_ranges  0x000006d8      0x270 Drivers\STM32L4xx_HAL_Driver\Src\stm32l4xx_hal_i2c.o
 .debug_ranges  0x00000948       0x68 Drivers\STM32L4xx_HAL_Driver\Src\stm32l4xx_hal_i2c_ex.o
 .debug_ranges  0x000009b0       0xe0 Drivers\STM32L4xx_HAL_Driver\Src\stm32l4xx_hal_pcd.o
 .debug_ranges  0x00000a90       0x48 Drivers\STM32L4xx_HAL_Driver\Src\stm32l4xx_hal_pcd_ex.o
 .debug_ranges  0x00000ad8       0x88 Drivers\STM32L4xx_HAL_Driver\Src\stm32l4xx_hal_pwr.o
 .debug_ranges  0x00000b60      0x120 Drivers\STM32L4xx_HAL_Driver\Src\stm32l4xx_hal_pwr_ex.o
 .debug_ranges  0x00000c80      0x110 Drivers\STM32L4xx_HAL_Driver\Src\stm32l4xx_hal_qspi.o
 .debug_ranges  0x00000d90       0x90 Drivers\STM32L4xx_HAL_Driver\Src\stm32l4xx_hal_rcc.o
 .debug_ranges  0x00000e20       0xf0 Drivers\STM32L4xx_HAL_Driver\Src\stm32l4xx_hal_rcc_ex.o
 .debug_ranges  0x00000f10      0x248 Drivers\STM32L4xx_HAL_Driver\Src\stm32l4xx_hal_spi.o
 .debug_ranges  0x00001158      0x190 Drivers\STM32L4xx_HAL_Driver\Src\stm32l4xx_hal_uart.o
 .debug_ranges  0x000012e8       0x48 Drivers\STM32L4xx_HAL_Driver\Src\stm32l4xx_hal_uart_ex.o
 .debug_ranges  0x00001330      0x1a0 Drivers\STM32L4xx_HAL_Driver\Src\stm32l4xx_ll_usb.o
 .debug_ranges  0x000014d0      0x158 Middlewares\ST\BlueNRG-MS\hci\controller\bluenrg_gap_aci.o
 .debug_ranges  0x00001628      0x168 Middlewares\ST\BlueNRG-MS\hci\controller\bluenrg_gatt_aci.o
 .debug_ranges  0x00001790       0x58 Middlewares\ST\BlueNRG-MS\hci\controller\bluenrg_hal_aci.o
 .debug_ranges  0x000017e8       0x10 Middlewares\ST\BlueNRG-MS\hci\controller\bluenrg_utils_small.o
 .debug_ranges  0x000017f8      0x100 Middlewares\ST\BlueNRG-MS\hci\hci_le.o
 .debug_ranges  0x000018f8       0xb8 Middlewares\ST\BlueNRG-MS\hci\hci_tl_patterns\Basic\hci_tl.o
 .debug_ranges  0x000019b0       0x68 Middlewares\ST\BlueNRG-MS\utils\ble_list.o
 .debug_ranges  0x00001a18       0xb0 Src\app_x-cube-ble1.o
 .debug_ranges  0x00001ac8       0x58 Src\b_l475e_iot01a_bus.o
 .debug_ranges  0x00001b20       0x38 Src\gatt_db.o
 .debug_ranges  0x00001b58       0x68 Src\hci_tl_interface.o
 .debug_ranges  0x00001bc0       0x88 Src\main.o
 .debug_ranges  0x00001c48       0x40 Src\sensor.o
 .debug_ranges  0x00001c88       0xf0 Src\stm32l4xx_hal_msp.o
 .debug_ranges  0x00001d78       0x58 Src\stm32l4xx_it.o
 .debug_ranges  0x00001dd0       0xa0 Src\syscalls.o
 .debug_ranges  0x00001e70       0x18 Src\system_stm32l4xx.o
 .debug_ranges  0x00001e88       0x20 startup\startup_stm32l475xx.o

.debug_line     0x00000000     0xee23
 .debug_line    0x00000000      0x4b6 Drivers\BSP\CUSTOM\b_l475e_iot01a.o
 .debug_line    0x000004b6      0x4bf Drivers\STM32L4xx_HAL_Driver\Src\stm32l4xx_hal.o
 .debug_line    0x00000975      0x499 Drivers\STM32L4xx_HAL_Driver\Src\stm32l4xx_hal_cortex.o
 .debug_line    0x00000e0e      0xafe Drivers\STM32L4xx_HAL_Driver\Src\stm32l4xx_hal_dfsdm.o
 .debug_line    0x0000190c      0x4fb Drivers\STM32L4xx_HAL_Driver\Src\stm32l4xx_hal_dma.o
 .debug_line    0x00001e07      0x3a5 Drivers\STM32L4xx_HAL_Driver\Src\stm32l4xx_hal_exti.o
 .debug_line    0x000021ac      0x400 Drivers\STM32L4xx_HAL_Driver\Src\stm32l4xx_hal_gpio.o
 .debug_line    0x000025ac     0x195b Drivers\STM32L4xx_HAL_Driver\Src\stm32l4xx_hal_i2c.o
 .debug_line    0x00003f07      0x386 Drivers\STM32L4xx_HAL_Driver\Src\stm32l4xx_hal_i2c_ex.o
 .debug_line    0x0000428d      0x749 Drivers\STM32L4xx_HAL_Driver\Src\stm32l4xx_hal_pcd.o
 .debug_line    0x000049d6      0x336 Drivers\STM32L4xx_HAL_Driver\Src\stm32l4xx_hal_pcd_ex.o
 .debug_line    0x00004d0c      0x397 Drivers\STM32L4xx_HAL_Driver\Src\stm32l4xx_hal_pwr.o
 .debug_line    0x000050a3      0x5b6 Drivers\STM32L4xx_HAL_Driver\Src\stm32l4xx_hal_pwr_ex.o
 .debug_line    0x00005659      0x880 Drivers\STM32L4xx_HAL_Driver\Src\stm32l4xx_hal_qspi.o
 .debug_line    0x00005ed9      0x5f1 Drivers\STM32L4xx_HAL_Driver\Src\stm32l4xx_hal_rcc.o
 .debug_line    0x000064ca      0x725 Drivers\STM32L4xx_HAL_Driver\Src\stm32l4xx_hal_rcc_ex.o
 .debug_line    0x00006bef      0xca1 Drivers\STM32L4xx_HAL_Driver\Src\stm32l4xx_hal_spi.o
 .debug_line    0x00007890      0xdf9 Drivers\STM32L4xx_HAL_Driver\Src\stm32l4xx_hal_uart.o
 .debug_line    0x00008689      0x382 Drivers\STM32L4xx_HAL_Driver\Src\stm32l4xx_hal_uart_ex.o
 .debug_line    0x00008a0b      0x8f7 Drivers\STM32L4xx_HAL_Driver\Src\stm32l4xx_ll_usb.o
 .debug_line    0x00009302      0xa7e Middlewares\ST\BlueNRG-MS\hci\controller\bluenrg_gap_aci.o
 .debug_line    0x00009d80      0xb1c Middlewares\ST\BlueNRG-MS\hci\controller\bluenrg_gatt_aci.o
 .debug_line    0x0000a89c      0x52f Middlewares\ST\BlueNRG-MS\hci\controller\bluenrg_hal_aci.o
 .debug_line    0x0000adcb      0x39a Middlewares\ST\BlueNRG-MS\hci\controller\bluenrg_utils_small.o
 .debug_line    0x0000b165      0x840 Middlewares\ST\BlueNRG-MS\hci\hci_le.o
 .debug_line    0x0000b9a5      0x50f Middlewares\ST\BlueNRG-MS\hci\hci_tl_patterns\Basic\hci_tl.o
 .debug_line    0x0000beb4      0x489 Middlewares\ST\BlueNRG-MS\utils\ble_list.o
 .debug_line    0x0000c33d      0x574 Src\app_x-cube-ble1.o
 .debug_line    0x0000c8b1      0x3bb Src\b_l475e_iot01a_bus.o
 .debug_line    0x0000cc6c      0x429 Src\gatt_db.o
 .debug_line    0x0000d095      0x485 Src\hci_tl_interface.o
 .debug_line    0x0000d51a      0x574 Src\main.o
 .debug_line    0x0000da8e      0x493 Src\sensor.o
 .debug_line    0x0000df21      0x4cf Src\stm32l4xx_hal_msp.o
 .debug_line    0x0000e3f0      0x382 Src\stm32l4xx_it.o
 .debug_line    0x0000e772      0x3bb Src\syscalls.o
 .debug_line    0x0000eb2d      0x278 Src\system_stm32l4xx.o
 .debug_line    0x0000eda5       0x7e startup\startup_stm32l475xx.o

.debug_str      0x00000000     0xa648
 .debug_str     0x00000000     0x12ed Drivers\BSP\CUSTOM\b_l475e_iot01a.o
                               0x140e (size before relaxing)
 .debug_str     0x000012ed      0x416 Drivers\STM32L4xx_HAL_Driver\Src\stm32l4xx_hal.o
                                0xe77 (size before relaxing)
 .debug_str     0x00001703      0x470 Drivers\STM32L4xx_HAL_Driver\Src\stm32l4xx_hal_cortex.o
                                0xe22 (size before relaxing)
 .debug_str     0x00001b73      0xdfa Drivers\STM32L4xx_HAL_Driver\Src\stm32l4xx_hal_dfsdm.o
                               0x1446 (size before relaxing)
 .debug_str     0x0000296d      0x248 Drivers\STM32L4xx_HAL_Driver\Src\stm32l4xx_hal_dma.o
                                0x83c (size before relaxing)
 .debug_str     0x00002bb5      0x180 Drivers\STM32L4xx_HAL_Driver\Src\stm32l4xx_hal_exti.o
                                0x692 (size before relaxing)
 .debug_str     0x00002d35       0xb4 Drivers\STM32L4xx_HAL_Driver\Src\stm32l4xx_hal_gpio.o
                                0x770 (size before relaxing)
 .debug_str     0x00002de9      0xac4 Drivers\STM32L4xx_HAL_Driver\Src\stm32l4xx_hal_i2c.o
                               0x112f (size before relaxing)
 .debug_str     0x000038ad       0xf3 Drivers\STM32L4xx_HAL_Driver\Src\stm32l4xx_hal_i2c_ex.o
                                0xae1 (size before relaxing)
 .debug_str     0x000039a0      0xb3a Drivers\STM32L4xx_HAL_Driver\Src\stm32l4xx_hal_pcd.o
                                0xf7a (size before relaxing)
 .debug_str     0x000044da      0x1af Drivers\STM32L4xx_HAL_Driver\Src\stm32l4xx_hal_pcd_ex.o
                                0x9ca (size before relaxing)
 .debug_str     0x00004689      0x2e9 Drivers\STM32L4xx_HAL_Driver\Src\stm32l4xx_hal_pwr.o
                                0x8cc (size before relaxing)
 .debug_str     0x00004972      0x422 Drivers\STM32L4xx_HAL_Driver\Src\stm32l4xx_hal_pwr_ex.o
                                0x9f5 (size before relaxing)
 .debug_str     0x00004d94      0x681 Drivers\STM32L4xx_HAL_Driver\Src\stm32l4xx_hal_qspi.o
                                0xd18 (size before relaxing)
 .debug_str     0x00005415      0x38c Drivers\STM32L4xx_HAL_Driver\Src\stm32l4xx_hal_rcc.o
                                0xa58 (size before relaxing)
 .debug_str     0x000057a1      0x562 Drivers\STM32L4xx_HAL_Driver\Src\stm32l4xx_hal_rcc_ex.o
                                0xcdd (size before relaxing)
 .debug_str     0x00005d03      0x531 Drivers\STM32L4xx_HAL_Driver\Src\stm32l4xx_hal_spi.o
                                0xd8d (size before relaxing)
 .debug_str     0x00006234      0x6a4 Drivers\STM32L4xx_HAL_Driver\Src\stm32l4xx_hal_uart.o
                               0x10ab (size before relaxing)
 .debug_str     0x000068d8      0x185 Drivers\STM32L4xx_HAL_Driver\Src\stm32l4xx_hal_uart_ex.o
                                0x9f0 (size before relaxing)
 .debug_str     0x00006a5d      0x42b Drivers\STM32L4xx_HAL_Driver\Src\stm32l4xx_ll_usb.o
                                0xead (size before relaxing)
 .debug_str     0x00006e88     0x1203 Middlewares\ST\BlueNRG-MS\hci\controller\bluenrg_gap_aci.o
                               0x1e51 (size before relaxing)
 .debug_str     0x0000808b      0xc7c Middlewares\ST\BlueNRG-MS\hci\controller\bluenrg_gatt_aci.o
                               0x1cb7 (size before relaxing)
 .debug_str     0x00008d07      0x248 Middlewares\ST\BlueNRG-MS\hci\controller\bluenrg_hal_aci.o
                                0xf85 (size before relaxing)
 .debug_str     0x00008f4f      0x1c3 Middlewares\ST\BlueNRG-MS\hci\controller\bluenrg_utils_small.o
                                0xd86 (size before relaxing)
 .debug_str     0x00009112      0x73a Middlewares\ST\BlueNRG-MS\hci\hci_le.o
                               0x17cb (size before relaxing)
 .debug_str     0x0000984c      0x2cd Middlewares\ST\BlueNRG-MS\hci\hci_tl_patterns\Basic\hci_tl.o
                                0xfb5 (size before relaxing)
 .debug_str     0x00009b19       0xf3 Middlewares\ST\BlueNRG-MS\utils\ble_list.o
                                0x974 (size before relaxing)
 .debug_str     0x00009c0c      0x232 Src\app_x-cube-ble1.o
                               0x12cb (size before relaxing)
 .debug_str     0x00009e3e       0xb7 Src\b_l475e_iot01a_bus.o
                               0x1199 (size before relaxing)
 .debug_str     0x00009ef5      0x13e Src\gatt_db.o
                                0xac5 (size before relaxing)
 .debug_str     0x0000a033       0xda Src\hci_tl_interface.o
                               0x14e9 (size before relaxing)
 .debug_str     0x0000a10d       0xc6 Src\main.o
                               0x2025 (size before relaxing)
 .debug_str     0x0000a1d3      0x100 Src\sensor.o
                                0xf84 (size before relaxing)
 .debug_str     0x0000a2d3       0x1b Src\stm32l4xx_hal_msp.o
                               0x1658 (size before relaxing)
 .debug_str     0x0000a2ee       0xf0 Src\stm32l4xx_it.o
                                0xab5 (size before relaxing)
 .debug_str     0x0000a3de      0x22f Src\syscalls.o
                                0x872 (size before relaxing)
 .debug_str     0x0000a60d       0x3b Src\system_stm32l4xx.o
                                0x5be (size before relaxing)

.comment        0x00000000       0x7c
 .comment       0x00000000       0x7c Drivers\BSP\CUSTOM\b_l475e_iot01a.o
                                 0x7d (size before relaxing)
 .comment       0x0000007c       0x7d Drivers\STM32L4xx_HAL_Driver\Src\stm32l4xx_hal.o
 .comment       0x0000007c       0x7d Drivers\STM32L4xx_HAL_Driver\Src\stm32l4xx_hal_cortex.o
 .comment       0x0000007c       0x7d Drivers\STM32L4xx_HAL_Driver\Src\stm32l4xx_hal_dfsdm.o
 .comment       0x0000007c       0x7d Drivers\STM32L4xx_HAL_Driver\Src\stm32l4xx_hal_dma.o
 .comment       0x0000007c       0x7d Drivers\STM32L4xx_HAL_Driver\Src\stm32l4xx_hal_exti.o
 .comment       0x0000007c       0x7d Drivers\STM32L4xx_HAL_Driver\Src\stm32l4xx_hal_gpio.o
 .comment       0x0000007c       0x7d Drivers\STM32L4xx_HAL_Driver\Src\stm32l4xx_hal_i2c.o
 .comment       0x0000007c       0x7d Drivers\STM32L4xx_HAL_Driver\Src\stm32l4xx_hal_i2c_ex.o
 .comment       0x0000007c       0x7d Drivers\STM32L4xx_HAL_Driver\Src\stm32l4xx_hal_pcd.o
 .comment       0x0000007c       0x7d Drivers\STM32L4xx_HAL_Driver\Src\stm32l4xx_hal_pcd_ex.o
 .comment       0x0000007c       0x7d Drivers\STM32L4xx_HAL_Driver\Src\stm32l4xx_hal_pwr.o
 .comment       0x0000007c       0x7d Drivers\STM32L4xx_HAL_Driver\Src\stm32l4xx_hal_pwr_ex.o
 .comment       0x0000007c       0x7d Drivers\STM32L4xx_HAL_Driver\Src\stm32l4xx_hal_qspi.o
 .comment       0x0000007c       0x7d Drivers\STM32L4xx_HAL_Driver\Src\stm32l4xx_hal_rcc.o
 .comment       0x0000007c       0x7d Drivers\STM32L4xx_HAL_Driver\Src\stm32l4xx_hal_rcc_ex.o
 .comment       0x0000007c       0x7d Drivers\STM32L4xx_HAL_Driver\Src\stm32l4xx_hal_spi.o
 .comment       0x0000007c       0x7d Drivers\STM32L4xx_HAL_Driver\Src\stm32l4xx_hal_uart.o
 .comment       0x0000007c       0x7d Drivers\STM32L4xx_HAL_Driver\Src\stm32l4xx_hal_uart_ex.o
 .comment       0x0000007c       0x7d Drivers\STM32L4xx_HAL_Driver\Src\stm32l4xx_ll_usb.o
 .comment       0x0000007c       0x7d Middlewares\ST\BlueNRG-MS\hci\controller\bluenrg_gap_aci.o
 .comment       0x0000007c       0x7d Middlewares\ST\BlueNRG-MS\hci\controller\bluenrg_gatt_aci.o
 .comment       0x0000007c       0x7d Middlewares\ST\BlueNRG-MS\hci\controller\bluenrg_hal_aci.o
 .comment       0x0000007c       0x7d Middlewares\ST\BlueNRG-MS\hci\controller\bluenrg_utils_small.o
 .comment       0x0000007c       0x7d Middlewares\ST\BlueNRG-MS\hci\hci_le.o
 .comment       0x0000007c       0x7d Middlewares\ST\BlueNRG-MS\hci\hci_tl_patterns\Basic\hci_tl.o
 .comment       0x0000007c       0x7d Middlewares\ST\BlueNRG-MS\utils\ble_list.o
 .comment       0x0000007c       0x7d Src\app_x-cube-ble1.o
 .comment       0x0000007c       0x7d Src\b_l475e_iot01a_bus.o
 .comment       0x0000007c       0x7d Src\gatt_db.o
 .comment       0x0000007c       0x7d Src\hci_tl_interface.o
 .comment       0x0000007c       0x7d Src\main.o
 .comment       0x0000007c       0x7d Src\sensor.o
 .comment       0x0000007c       0x7d Src\stm32l4xx_hal_msp.o
 .comment       0x0000007c       0x7d Src\stm32l4xx_it.o
 .comment       0x0000007c       0x7d Src\syscalls.o
 .comment       0x0000007c       0x7d Src\system_stm32l4xx.o

.debug_frame    0x00000000     0x5398
 .debug_frame   0x00000000      0x1c4 Drivers\BSP\CUSTOM\b_l475e_iot01a.o
 .debug_frame   0x000001c4      0x280 Drivers\STM32L4xx_HAL_Driver\Src\stm32l4xx_hal.o
 .debug_frame   0x00000444      0x158 Drivers\STM32L4xx_HAL_Driver\Src\stm32l4xx_hal_cortex.o
 .debug_frame   0x0000059c      0x5f0 Drivers\STM32L4xx_HAL_Driver\Src\stm32l4xx_hal_dfsdm.o
 .debug_frame   0x00000b8c      0x140 Drivers\STM32L4xx_HAL_Driver\Src\stm32l4xx_hal_dma.o
 .debug_frame   0x00000ccc       0xe0 Drivers\STM32L4xx_HAL_Driver\Src\stm32l4xx_hal_exti.o
 .debug_frame   0x00000dac       0xd8 Drivers\STM32L4xx_HAL_Driver\Src\stm32l4xx_hal_gpio.o
 .debug_frame   0x00000e84      0x8dc Drivers\STM32L4xx_HAL_Driver\Src\stm32l4xx_hal_i2c.o
 .debug_frame   0x00001760       0x90 Drivers\STM32L4xx_HAL_Driver\Src\stm32l4xx_hal_i2c_ex.o
 .debug_frame   0x000017f0      0x2c8 Drivers\STM32L4xx_HAL_Driver\Src\stm32l4xx_hal_pcd.o
 .debug_frame   0x00001ab8       0xb8 Drivers\STM32L4xx_HAL_Driver\Src\stm32l4xx_hal_pcd_ex.o
 .debug_frame   0x00001b70      0x118 Drivers\STM32L4xx_HAL_Driver\Src\stm32l4xx_hal_pwr.o
 .debug_frame   0x00001c88      0x278 Drivers\STM32L4xx_HAL_Driver\Src\stm32l4xx_hal_pwr_ex.o
 .debug_frame   0x00001f00      0x3f0 Drivers\STM32L4xx_HAL_Driver\Src\stm32l4xx_hal_qspi.o
 .debug_frame   0x000022f0      0x160 Drivers\STM32L4xx_HAL_Driver\Src\stm32l4xx_hal_rcc.o
 .debug_frame   0x00002450      0x200 Drivers\STM32L4xx_HAL_Driver\Src\stm32l4xx_hal_rcc_ex.o
 .debug_frame   0x00002650      0x5b0 Drivers\STM32L4xx_HAL_Driver\Src\stm32l4xx_hal_spi.o
 .debug_frame   0x00002c00      0x558 Drivers\STM32L4xx_HAL_Driver\Src\stm32l4xx_hal_uart.o
 .debug_frame   0x00003158       0xbc Drivers\STM32L4xx_HAL_Driver\Src\stm32l4xx_hal_uart_ex.o
 .debug_frame   0x00003214      0x448 Drivers\STM32L4xx_HAL_Driver\Src\stm32l4xx_ll_usb.o
 .debug_frame   0x0000365c      0x534 Middlewares\ST\BlueNRG-MS\hci\controller\bluenrg_gap_aci.o
 .debug_frame   0x00003b90      0x598 Middlewares\ST\BlueNRG-MS\hci\controller\bluenrg_gatt_aci.o
 .debug_frame   0x00004128      0x154 Middlewares\ST\BlueNRG-MS\hci\controller\bluenrg_hal_aci.o
 .debug_frame   0x0000427c       0x30 Middlewares\ST\BlueNRG-MS\hci\controller\bluenrg_utils_small.o
 .debug_frame   0x000042ac      0x42c Middlewares\ST\BlueNRG-MS\hci\hci_le.o
 .debug_frame   0x000046d8       0xd8 Middlewares\ST\BlueNRG-MS\hci\hci_tl_patterns\Basic\hci_tl.o
 .debug_frame   0x000047b0       0xe8 Middlewares\ST\BlueNRG-MS\utils\ble_list.o
 .debug_frame   0x00004898       0x7c Src\app_x-cube-ble1.o
 .debug_frame   0x00004914       0xbc Src\b_l475e_iot01a_bus.o
 .debug_frame   0x000049d0       0xf8 Src\gatt_db.o
 .debug_frame   0x00004ac8       0xec Src\hci_tl_interface.o
 .debug_frame   0x00004bb4       0x64 Src\main.o
 .debug_frame   0x00004c18       0x64 Src\sensor.o
 .debug_frame   0x00004c7c      0x128 Src\stm32l4xx_hal_msp.o
 .debug_frame   0x00004da4       0xf8 Src\stm32l4xx_it.o
 .debug_frame   0x00004e9c      0x1a8 Src\syscalls.o
 .debug_frame   0x00005044       0x38 Src\system_stm32l4xx.o
 .debug_frame   0x0000507c       0x20 c:/program files (x86)/atollic/truestudio for stm32 9.3.0/armtools/bin/../lib/gcc/arm-atollic-eabi/6.3.1/../../../../arm-atollic-eabi/lib/armv7e-m/fpu\libc_nano.a(lib_a-errno.o)
 .debug_frame   0x0000509c       0x2c c:/program files (x86)/atollic/truestudio for stm32 9.3.0/armtools/bin/../lib/gcc/arm-atollic-eabi/6.3.1/../../../../arm-atollic-eabi/lib/armv7e-m/fpu\libc_nano.a(lib_a-init.o)
 .debug_frame   0x000050c8       0x28 c:/program files (x86)/atollic/truestudio for stm32 9.3.0/armtools/bin/../lib/gcc/arm-atollic-eabi/6.3.1/../../../../arm-atollic-eabi/lib/armv7e-m/fpu\libc_nano.a(lib_a-memcpy-stub.o)
 .debug_frame   0x000050f0       0x20 c:/program files (x86)/atollic/truestudio for stm32 9.3.0/armtools/bin/../lib/gcc/arm-atollic-eabi/6.3.1/../../../../arm-atollic-eabi/lib/armv7e-m/fpu\libc_nano.a(lib_a-memset.o)